Component: ARM Compiler 5.06 update 5 (build 528) Tool: armlink [4d35e2]

==============================================================================

Section Cross References

    startup_stm32f10x_md.o(RESET) refers to startup_stm32f10x_md.o(STACK) for __initial_sp
    startup_stm32f10x_md.o(RESET) refers to startup_stm32f10x_md.o(.text) for Reset_Handler
    startup_stm32f10x_md.o(RESET) refers to stm32f10x_it.o(i.NMI_Handler) for NMI_Handler
    startup_stm32f10x_md.o(RESET) refers to stm32f10x_it.o(i.HardFault_Handler) for HardFault_Handler
    startup_stm32f10x_md.o(RESET) refers to stm32f10x_it.o(i.MemManage_Handler) for MemManage_Handler
    startup_stm32f10x_md.o(RESET) refers to stm32f10x_it.o(i.BusFault_Handler) for BusFault_Handler
    startup_stm32f10x_md.o(RESET) refers to stm32f10x_it.o(i.UsageFault_Handler) for UsageFault_Handler
    startup_stm32f10x_md.o(RESET) refers to stm32f10x_it.o(i.DebugMon_Handler) for DebugMon_Handler
    startup_stm32f10x_md.o(.text) refers to system_stm32f10x.o(i.SystemInit) for SystemInit
    startup_stm32f10x_md.o(.text) refers to entry.o(.ARM.Collect$$$$00000000) for __main
    system_stm32f10x.o(i.SetSysClock) refers to system_stm32f10x.o(i.SetSysClockTo72) for SetSysClockTo72
    system_stm32f10x.o(i.SystemCoreClockUpdate) refers to system_stm32f10x.o(.data) for SystemCoreClock
    system_stm32f10x.o(i.SystemInit) refers to system_stm32f10x.o(i.SetSysClock) for SetSysClock
    stm32f10x_adc.o(i.ADC_DeInit) refers to stm32f10x_rcc.o(i.RCC_APB2PeriphResetCmd) for RCC_APB2PeriphResetCmd
    stm32f10x_bkp.o(i.BKP_DeInit) refers to stm32f10x_rcc.o(i.RCC_BackupResetCmd) for RCC_BackupResetCmd
    stm32f10x_can.o(i.CAN_DeInit) refers to stm32f10x_rcc.o(i.RCC_APB1PeriphResetCmd) for RCC_APB1PeriphResetCmd
    stm32f10x_can.o(i.CAN_GetITStatus) refers to stm32f10x_can.o(i.CheckITStatus) for CheckITStatus
    stm32f10x_cec.o(i.CEC_DeInit) refers to stm32f10x_rcc.o(i.RCC_APB1PeriphResetCmd) for RCC_APB1PeriphResetCmd
    stm32f10x_dac.o(i.DAC_DeInit) refers to stm32f10x_rcc.o(i.RCC_APB1PeriphResetCmd) for RCC_APB1PeriphResetCmd
    stm32f10x_flash.o(i.FLASH_EnableWriteProtection) refers to stm32f10x_flash.o(i.FLASH_WaitForLastOperation) for FLASH_WaitForLastOperation
    stm32f10x_flash.o(i.FLASH_EraseAllBank1Pages) refers to stm32f10x_flash.o(i.FLASH_WaitForLastBank1Operation) for FLASH_WaitForLastBank1Operation
    stm32f10x_flash.o(i.FLASH_EraseAllPages) refers to stm32f10x_flash.o(i.FLASH_WaitForLastOperation) for FLASH_WaitForLastOperation
    stm32f10x_flash.o(i.FLASH_EraseOptionBytes) refers to stm32f10x_flash.o(i.FLASH_GetReadOutProtectionStatus) for FLASH_GetReadOutProtectionStatus
    stm32f10x_flash.o(i.FLASH_EraseOptionBytes) refers to stm32f10x_flash.o(i.FLASH_WaitForLastOperation) for FLASH_WaitForLastOperation
    stm32f10x_flash.o(i.FLASH_ErasePage) refers to stm32f10x_flash.o(i.FLASH_WaitForLastOperation) for FLASH_WaitForLastOperation
    stm32f10x_flash.o(i.FLASH_ProgramHalfWord) refers to stm32f10x_flash.o(i.FLASH_WaitForLastOperation) for FLASH_WaitForLastOperation
    stm32f10x_flash.o(i.FLASH_ProgramOptionByteData) refers to stm32f10x_flash.o(i.FLASH_WaitForLastOperation) for FLASH_WaitForLastOperation
    stm32f10x_flash.o(i.FLASH_ProgramWord) refers to stm32f10x_flash.o(i.FLASH_WaitForLastOperation) for FLASH_WaitForLastOperation
    stm32f10x_flash.o(i.FLASH_ReadOutProtection) refers to stm32f10x_flash.o(i.FLASH_WaitForLastOperation) for FLASH_WaitForLastOperation
    stm32f10x_flash.o(i.FLASH_UserOptionByteConfig) refers to stm32f10x_flash.o(i.FLASH_WaitForLastOperation) for FLASH_WaitForLastOperation
    stm32f10x_flash.o(i.FLASH_WaitForLastBank1Operation) refers to stm32f10x_flash.o(i.FLASH_GetBank1Status) for FLASH_GetBank1Status
    stm32f10x_flash.o(i.FLASH_WaitForLastOperation) refers to stm32f10x_flash.o(i.FLASH_GetBank1Status) for FLASH_GetBank1Status
    stm32f10x_gpio.o(i.GPIO_AFIODeInit) refers to stm32f10x_rcc.o(i.RCC_APB2PeriphResetCmd) for RCC_APB2PeriphResetCmd
    stm32f10x_gpio.o(i.GPIO_DeInit) refers to stm32f10x_rcc.o(i.RCC_APB2PeriphResetCmd) for RCC_APB2PeriphResetCmd
    stm32f10x_i2c.o(i.I2C_DeInit) refers to stm32f10x_rcc.o(i.RCC_APB1PeriphResetCmd) for RCC_APB1PeriphResetCmd
    stm32f10x_i2c.o(i.I2C_Init) refers to stm32f10x_rcc.o(i.RCC_GetClocksFreq) for RCC_GetClocksFreq
    stm32f10x_pwr.o(i.PWR_DeInit) refers to stm32f10x_rcc.o(i.RCC_APB1PeriphResetCmd) for RCC_APB1PeriphResetCmd
    stm32f10x_rcc.o(i.RCC_GetClocksFreq) refers to stm32f10x_rcc.o(.data) for APBAHBPrescTable
    stm32f10x_rcc.o(i.RCC_WaitForHSEStartUp) refers to stm32f10x_rcc.o(i.RCC_GetFlagStatus) for RCC_GetFlagStatus
    stm32f10x_rtc.o(i.RTC_SetAlarm) refers to stm32f10x_rtc.o(i.RTC_EnterConfigMode) for RTC_EnterConfigMode
    stm32f10x_rtc.o(i.RTC_SetAlarm) refers to stm32f10x_rtc.o(i.RTC_ExitConfigMode) for RTC_ExitConfigMode
    stm32f10x_rtc.o(i.RTC_SetCounter) refers to stm32f10x_rtc.o(i.RTC_EnterConfigMode) for RTC_EnterConfigMode
[...]
    i.prvTaskExitError                       0x08004c30   Section        0  port.o(i.prvTaskExitError)
    prvTaskExitError                         0x08004c31   Thumb Code    22  port.o(i.prvTaskExitError)
    i.prvTimerTask                           0x08004c46   Section        0  timers.o(i.prvTimerTask)
    prvTimerTask                             0x08004c47   Thumb Code    26  timers.o(i.prvTimerTask)
    i.prvUnlockQueue                         0x08004c60   Section        0  queue.o(i.prvUnlockQueue)
    prvUnlockQueue                           0x08004c61   Thumb Code   126  queue.o(i.prvUnlockQueue)
    i.pvPortMalloc                           0x08004ce0   Section        0  heap_4.o(i.pvPortMalloc)
    i.pxPortInitialiseStack                  0x08004dd0   Section        0  port.o(i.pxPortInitialiseStack)
    i.sqrt                                   0x08004df4   Section        0  sqrt.o(i.sqrt)
    i.uxListRemove                           0x08004e40   Section        0  list.o(i.uxListRemove)
    i.vApplicationIdleHook                   0x08004e68   Section        0  main.o(i.vApplicationIdleHook)
    i.vApplicationMallocFailedHook           0x08004e6c   Section        0  main.o(i.vApplicationMallocFailedHook)
    i.vApplicationStackOverflowHook          0x08004e8c   Section        0  main.o(i.vApplicationStackOverflowHook)
    i.vListInitialise                        0x08004eb4   Section        0  list.o(i.vListInitialise)
    i.vListInitialiseItem                    0x08004ece   Section        0  list.o(i.vListInitialiseItem)
    i.vListInsert                            0x08004ed4   Section        0  list.o(i.vListInsert)
    i.vPortEnterCritical                     0x08004f08   Section        0  port.o(i.vPortEnterCritical)
    i.vPortExitCritical                      0x08004f2c   Section        0  port.o(i.vPortExitCritical)
    i.vPortFree                              0x08004f4c   Section        0  heap_4.o(i.vPortFree)
    i.vPortSetupTimerInterrupt               0x08004f98   Section        0  port.o(i.vPortSetupTimerInterrupt)
    i.vPortSuppressTicksAndSleep             0x08004fdc   Section        0  port.o(i.vPortSuppressTicksAndSleep)
    i.vQueueWaitForMessageRestricted         0x08005120   Section        0  queue.o(i.vQueueWaitForMessageRestricted)
    i.vTaskDelay                             0x0800516c   Section        0  tasks.o(i.vTaskDelay)
    i.vTaskInternalSetTimeOutState           0x080051a0   Section        0  tasks.o(i.vTaskInternalSetTimeOutState)
    i.vTaskMissedYield                       0x080051b8   Section        0  tasks.o(i.vTaskMissedYield)
    i.vTaskPlaceOnEventList                  0x080051c4   Section        0  tasks.o(i.vTaskPlaceOnEventList)
    i.vTaskPlaceOnEventListRestricted        0x080051e4   Section        0  tasks.o(i.vTaskPlaceOnEventListRestricted)
    i.vTaskStartScheduler                    0x08005230   Section        0  tasks.o(i.vTaskStartScheduler)
    i.vTaskStepTick                          0x080052a8   Section        0  tasks.o(i.vTaskStepTick)
    i.vTaskSuspendAll                        0x080052e8   Section        0  tasks.o(i.vTaskSuspendAll)
    i.vTaskSwitchContext                     0x080052f8   Section        0  tasks.o(i.vTaskSwitchContext)
    i.xPortStartScheduler                    0x080053a8   Section        0  port.o(i.xPortStartScheduler)
    i.xQueueGenericCreate                    0x080053dc   Section        0  queue.o(i.xQueueGenericCreate)
    i.xQueueGenericReset                     0x08005428   Section        0  queue.o(i.xQueueGenericReset)
    i.xQueueGenericSend                      0x080054c8   Section        0  queue.o(i.xQueueGenericSend)
    i.xQueuePeek                             0x080055e0   Section        0  queue.o(i.xQueuePeek)
    i.xQueueReceive                          0x080056ec   Section        0  queue.o(i.xQueueReceive)
    i.xTaskCheckForTimeOut                   0x080057f0   Section        0  tasks.o(i.xTaskCheckForTimeOut)
    i.xTaskCreate                            0x08005850   Section        0  tasks.o(i.xTaskCreate)
    i.xTaskDelayUntil                        0x080058b8   Section        0  tasks.o(i.xTaskDelayUntil)
    i.xTaskGetTickCount                      0x0800592c   Section        0  tasks.o(i.xTaskGetTickCount)
    i.xTaskIncrementTick                     0x08005938   Section        0  tasks.o(i.xTaskIncrementTick)
    i.xTaskPriorityDisinherit                0x08005ac8   Section        0  tasks.o(i.xTaskPriorityDisinherit)
    i.xTaskRemoveFromEventList               0x08005b5c   Section        0  tasks.o(i.xTaskRemoveFromEventList)
    i.xTaskResumeAll                         0x08005c68   Section        0  tasks.o(i.xTaskResumeAll)
    i.xTimerCreateTimerTask                  0x08005dc0   Section        0  timers.o(i.xTimerCreateTimerTask)
    .constdata                               0x08005e00   Section     1520  oled.o(.constdata)
    .constdata                               0x080063f0   Section      136  pow.o(.constdata)
    bp                                       0x080063f0   Data          16  pow.o(.constdata)
    dp_h                                     0x08006400   Data          16  pow.o(.constdata)
    dp_l                                     0x08006410   Data          16  pow.o(.constdata)
    L                                        0x08006420   Data          48  pow.o(.constdata)
    P                                        0x08006450   Data          40  pow.o(.constdata)
    .constdata                               0x08006478   Section        8  qnan.o(.constdata)
    .constdata                               0x08006480   Section      129  ctype_o.o(.constdata)
    .constdata                               0x08006504   Section        4  ctype_o.o(.constdata)
    table                                    0x08006504   Data           4  ctype_o.o(.constdata)
    .data                                    0x20000000   Section       20  system_stm32f10x.o(.data)
    .data                                    0x20000014   Section       20  stm32f10x_rcc.o(.data)
    APBAHBPrescTable                         0x20000014   Data          16  stm32f10x_rcc.o(.data)
    ADCPrescTable                            0x20000024   Data           4  stm32f10x_rcc.o(.data)
    .data                                    0x20000028   Section       28  heap_4.o(.data)
    xStart                                   0x20000028   Data           8  heap_4.o(.data)
    pxEnd                                    0x20000030   Data           4  heap_4.o(.data)
    xFreeBytesRemaining                      0x20000034   Data           4  heap_4.o(.data)
    xMinimumEverFreeBytesRemaining           0x20000038   Data           4  heap_4.o(.data)
    xNumberOfSuccessfulAllocations           0x2000003c   Data           4  heap_4.o(.data)
    xNumberOfSuccessfulFrees                 0x20000040   Data           4  heap_4.o(.data)
    .data                                    0x20000044   Section       16  port.o(.data)
    uxCriticalNesting                        0x20000044   Data           4  port.o(.data)
    ulTimerCountsForOneTick                  0x20000048   Data           4  port.o(.data)
    xMaximumPossibleSuppressedTicks          0x2000004c   Data           4  port.o(.data)
    ulStoppedTimerCompensation               0x20000050   Data           4  port.o(.data)
    .data                                    0x20000054   Section       64  tasks.o(.data)
    pxDelayedTaskList                        0x20000058   Data           4  tasks.o(.data)
    pxOverflowDelayedTaskList                0x2000005c   Data           4  tasks.o(.data)
    uxDeletedTasksWaitingCleanUp             0x20000060   Data           4  tasks.o(.data)
    uxCurrentNumberOfTasks                   0x20000064   Data           4  tasks.o(.data)
    xTickCount                               0x20000068   Data           4  tasks.o(.data)
    uxTopReadyPriority                       0x2000006c   Data           4  tasks.o(.data)
    xSchedulerRunning                        0x20000070   Data           4  tasks.o(.data)
    xPendedTicks                             0x20000074   Data           4  tasks.o(.data)
    xYieldPending                            0x20000078   Data           4  tasks.o(.data)
    xNumOfOverflows                          0x2000007c   Data           4  tasks.o(.data)
    uxTaskNumber                             0x20000080   Data           4  tasks.o(.data)
    xNextTaskUnblockTime                     0x20000084   Data           4  tasks.o(.data)
    xIdleTaskHandle                          0x20000088   Data           4  tasks.o(.data)
    uxSchedulerSuspended                     0x20000090   Data           4  tasks.o(.data)
    .data                                    0x20000094   Section       20  timers.o(.data)
    pxCurrentTimerList                       0x20000094   Data           4  timers.o(.data)
    pxOverflowTimerList                      0x20000098   Data           4  timers.o(.data)
    xTimerQueue                              0x2000009c   Data           4  timers.o(.data)
    xTimerTaskHandle                         0x200000a0   Data           4  timers.o(.data)
    xLastTime                                0x200000a4   Data           4  timers.o(.data)
    .data                                    0x200000a8   Section        1  delay.o(.data)
    fac_us                                   0x200000a8   Data           1  delay.o(.data)
    .data                                    0x200000a9   Section        1  serial.o(.data)
    .data                                    0x200000aa   Section        1  power_mode.o(.data)
    current_power_mode                       0x200000aa   Data           1  power_mode.o(.data)
    .data                                    0x200000ab   Section        2  buzzer.o(.data)
    auto_mode                                0x200000ab   Data           1  buzzer.o(.data)
    current_state                            0x200000ac   Data           1  buzzer.o(.data)
    .data                                    0x200000ad   Section        1  pwm_motor.o(.data)
    current_speed                            0x200000ad   Data           1  pwm_motor.o(.data)
    .data                                    0x200000ae   Section        1  pwm_humidifier.o(.data)
    current_duty_cycle                       0x200000ae   Data           1  pwm_humidifier.o(.data)
    .data                                    0x200000af   Section        1  pwm_led.o(.data)
    current_brightness                       0x200000af   Data           1  pwm_led.o(.data)
    .data                                    0x200000b0   Section        8  task_manager.o(.data)
    xSensorQueue                             0x200000b0   Data           4  task_manager.o(.data)
    xControlQueue                            0x200000b4   Data           4  task_manager.o(.data)
    .data                                    0x200000b8   Section       16  power_management.o(.data)
    power_status                             0x200000b8   Data          16  power_management.o(.data)
    .data                                    0x200000c8   Section        4  strtok.o(.data)
    state                                    0x200000c8   Data           4  strtok.o(.data)
    .data                                    0x200000cc   Section        4  stdout.o(.data)
    .data                                    0x200000d0   Section        4  errno.o(.data)
    _errno                                   0x200000d0   Data           4  errno.o(.data)
    .bss                                     0x200000d4   Section    10240  heap_4.o(.bss)
    ucHeap                                   0x200000d4   Data       10240  heap_4.o(.bss)
    .bss                                     0x200028d4   Section      220  tasks.o(.bss)
    pxReadyTasksLists                        0x200028d4   Data         120  tasks.o(.bss)
    xDelayedTaskList1                        0x2000294c   Data          20  tasks.o(.bss)
    xDelayedTaskList2                        0x20002960   Data          20  tasks.o(.bss)
    xPendingReadyList                        0x20002974   Data          20  tasks.o(.bss)
    xTasksWaitingTermination                 0x20002988   Data          20  tasks.o(.bss)
    xSuspendedTaskList                       0x2000299c   Data          20  tasks.o(.bss)
    .bss                                     0x200029b0   Section       40  timers.o(.bss)
    xActiveTimerList1                        0x200029b0   Data          20  timers.o(.bss)
    xActiveTimerList2                        0x200029c4   Data          20  timers.o(.bss)
    .bss                                     0x200029d8   Section      100  serial.o(.bss)
    .bss                                     0x20002a3c   Section       12  task_manager.o(.bss)
    system_status                            0x20002a3c   Data          12  task_manager.o(.bss)
    STACK                                    0x20002a48   Section     1024  startup_stm32f10x_md.o(STACK)

    Global Symbols

    Symbol Name                              Value     Ov Type        Size  Object(Section)

    BuildAttributes$$THM_ISAv4$P$D$K$B$S$PE$A:L22UL41UL21$X:L11$S22US41US21$IEEE1$IW$USESV6$~STKCKD$USESV7$~SHL$OTIME$ROPI$IEEEX$EBA8$MICROLIB$REQ8$PRES8$EABIv2 0x00000000   Number         0  anon$$obj.o ABSOLUTE
    __ARM_use_no_argv                        0x00000000   Number         0  main.o ABSOLUTE
    _printf_a                                0x00000000   Number         0  stubs.o ABSOLUTE
    _printf_c                                0x00000000   Number         0  stubs.o ABSOLUTE
    _printf_charcount                        0x00000000   Number         0  stubs.o ABSOLUTE
    _printf_d                                0x00000000   Number         0  stubs.o ABSOLUTE
    _printf_e                                0x00000000   Number         0  stubs.o ABSOLUTE
    _printf_f                                0x00000000   Number         0  stubs.o ABSOLUTE
    _printf_flags                            0x00000000   Number         0  stubs.o ABSOLUTE
    _printf_fp_dec                           0x00000000   Number         0  stubs.o ABSOLUTE
    _printf_fp_hex                           0x00000000   Number         0  stubs.o ABSOLUTE
    _printf_g                                0x00000000   Number         0  stubs.o ABSOLUTE
    _printf_i                                0x00000000   Number         0  stubs.o ABSOLUTE
    _printf_int_dec                          0x00000000   Number         0  stubs.o ABSOLUTE
    _printf_l                                0x00000000   Number         0  stubs.o ABSOLUTE
    _printf_lc                               0x00000000   Number         0  stubs.o ABSOLUTE
    _printf_ll                               0x00000000   Number         0  stubs.o ABSOLUTE
    _printf_lld                              0x00000000   Number         0  stubs.o ABSOLUTE
    _printf_lli                              0x00000000   Number         0  stubs.o ABSOLUTE
    _printf_llo                              0x00000000   Number         0  stubs.o ABSOLUTE
    _printf_llu                              0x00000000   Number         0  stubs.o ABSOLUTE
    _printf_llx                              0x00000000   Number         0  stubs.o ABSOLUTE
    _printf_longlong_dec                     0x00000000   Number         0  stubs.o ABSOLUTE
    _printf_longlong_hex                     0x00000000   Number         0  stubs.o ABSOLUTE
    _printf_longlong_oct                     0x00000000   Number         0  stubs.o ABSOLUTE
    _printf_ls                               0x00000000   Number         0  stubs.o ABSOLUTE
    _printf_mbtowc                           0x00000000   Number         0  stubs.o ABSOLUTE
    _printf_n                                0x00000000   Number         0  stubs.o ABSOLUTE
    _printf_o                                0x00000000   Number         0  stubs.o ABSOLUTE
    _printf_p                                0x00000000   Number         0  stubs.o ABSOLUTE
    _printf_percent                          0x00000000   Number         0  stubs.o ABSOLUTE
    _printf_pre_padding                      0x00000000   Number         0  stubs.o ABSOLUTE
    _printf_return_value                     0x00000000   Number         0  stubs.o ABSOLUTE
    _printf_s                                0x00000000   Number         0  stubs.o ABSOLUTE
    _printf_sizespec                         0x00000000   Number         0  stubs.o ABSOLUTE
    _printf_str                              0x00000000   Number         0  stubs.o ABSOLUTE
    _printf_truncate_signed                  0x00000000   Number         0  stubs.o ABSOLUTE
    _printf_truncate_unsigned                0x00000000   Number         0  stubs.o ABSOLUTE
    _printf_u                                0x00000000   Number         0  stubs.o ABSOLUTE
    _printf_wc                               0x00000000   Number         0  stubs.o ABSOLUTE
    _printf_wctomb                           0x00000000   Number         0  stubs.o ABSOLUTE
    _printf_widthprec                        0x00000000   Number         0  stubs.o ABSOLUTE
    _printf_x                                0x00000000   Number         0  stubs.o ABSOLUTE
    __cpp_initialize__aeabi_                  - Undefined Weak Reference
    __cxa_finalize                            - Undefined Weak Reference
    __decompress                              - Undefined Weak Reference
    _clock_init                               - Undefined Weak Reference
    _microlib_exit                            - Undefined Weak Reference
    __Vectors_Size                           0x000000ec   Number         0  startup_stm32f10x_md.o ABSOLUTE
    __Vectors                                0x08000000   Data           4  startup_stm32f10x_md.o(RESET)
    __Vectors_End                            0x080000ec   Data           0  startup_stm32f10x_md.o(RESET)
    __main                                   0x080000ed   Thumb Code     0  entry.o(.ARM.Collect$$$$00000000)
    _main_stk                                0x080000ed   Thumb Code     0  entry2.o(.ARM.Collect$$$$00000001)
    _main_scatterload                        0x080000f1   Thumb Code     0  entry5.o(.ARM.Collect$$$$00000004)
    __main_after_scatterload                 0x080000f5   Thumb Code     0  entry5.o(.ARM.Collect$$$$00000004)
    _main_clock                              0x080000f5   Thumb Code     0  entry7b.o(.ARM.Collect$$$$00000008)
    _main_cpp_init                           0x080000f5   Thumb Code     0  entry8b.o(.ARM.Collect$$$$0000000A)
    _main_init                               0x080000f5   Thumb Code     0  entry9a.o(.ARM.Collect$$$$0000000B)
    __rt_final_cpp                           0x080000fd   Thumb Code     0  entry10a.o(.ARM.Collect$$$$0000000D)
    __rt_final_exit                          0x080000fd   Thumb Code     0  entry11a.o(.ARM.Collect$$$$0000000F)
    vPortSVCHandler                          0x08000101   Thumb Code    32  port.o(.emb_text)
    __asm___6_port_c_39a90d8d__prvStartFirstTask 0x08000125   Thumb Code    28  port.o(.emb_text)
    xPortPendSVHandler                       0x08000145   Thumb Code    72  port.o(.emb_text)
    vPortGetIPSR                             0x08000191   Thumb Code     6  port.o(.emb_text)
    Reset_Handler                            0x08000199   Thumb Code     8  startup_stm32f10x_md.o(.text)
    SVC_Handler                              0x080001ab   Thumb Code     2  startup_stm32f10x_md.o(.text)
    PendSV_Handler                           0x080001af   Thumb Code     2  startup_stm32f10x_md.o(.text)
    SysTick_Handler                          0x080001b1   Thumb Code     2  startup_stm32f10x_md.o(.text)
    ADC1_2_IRQHandler                        0x080001b3   Thumb Code     0  startup_stm32f10x_md.o(.text)
    CAN1_RX1_IRQHandler                      0x080001b3   Thumb Code     0  startup_stm32f10x_md.o(.text)
    CAN1_SCE_IRQHandler                      0x080001b3   Thumb Code     0  startup_stm32f10x_md.o(.text)
    DMA1_Channel1_IRQHandler                 0x080001b3   Thumb Code     0  startup_stm32f10x_md.o(.text)
    DMA1_Channel2_IRQHandler                 0x080001b3   Thumb Code     0  startup_stm32f10x_md.o(.text)
    DMA1_Channel3_IRQHandler                 0x080001b3   Thumb Code     0  startup_stm32f10x_md.o(.text)
    DMA1_Channel4_IRQHandler                 0x080001b3   Thumb Code     0  startup_stm32f10x_md.o(.text)
    DMA1_Channel5_IRQHandler                 0x080001b3   Thumb Code     0  startup_stm32f10x_md.o(.text)
    DMA1_Channel6_IRQHandler                 0x080001b3   Thumb Code     0  startup_stm32f10x_md.o(.text)
    DMA1_Channel7_IRQHandler                 0x080001b3   Thumb Code     0  startup_stm32f10x_md.o(.text)
    EXTI0_IRQHandler                         0x080001b3   Thumb Code     0  startup_stm32f10x_md.o(.text)
    EXTI15_10_IRQHandler                     0x080001b3   Thumb Code     0  startup_stm32f10x_md.o(.text)
    EXTI1_IRQHandler                         0x080001b3   Thumb Code     0  startup_stm32f10x_md.o(.text)
    EXTI2_IRQHandler                         0x080001b3   Thumb Code     0  startup_stm32f10x_md.o(.text)
    EXTI3_IRQHandler                         0x080001b3   Thumb Code     0  startup_stm32f10x_md.o(.text)
    EXTI4_IRQHandler                         0x080001b3   Thumb Code     0  startup_stm32f10x_md.o(.text)
    EXTI9_5_IRQHandler                       0x080001b3   Thumb Code     0  startup_stm32f10x_md.o(.text)
    FLASH_IRQHandler                         0x080001b3   Thumb Code     0  startup_stm32f10x_md.o(.text)
    I2C1_ER_IRQHandler                       0x080001b3   Thumb Code     0  startup_stm32f10x_md.o(.text)
    I2C1_EV_IRQHandler                       0x080001b3   Thumb Code     0  startup_stm32f10x_md.o(.text)
    I2C2_ER_IRQHandler                       0x080001b3   Thumb Code     0  startup_stm32f10x_md.o(.text)
    I2C2_EV_IRQHandler                       0x080001b3   Thumb Code     0  startup_stm32f10x_md.o(.text)
    PVD_IRQHandler                           0x080001b3   Thumb Code     0  startup_stm32f10x_md.o(.text)
    RCC_IRQHandler                           0x080001b3   Thumb Code     0  startup_stm32f10x_md.o(.text)
    RTCAlarm_IRQHandler                      0x080001b3   Thumb Code     0  startup_stm32f10x_md.o(.text)
    RTC_IRQHandler                           0x080001b3   Thumb Code     0  startup_stm32f10x_md.o(.text)
    SPI1_IRQHandler                          0x080001b3   Thumb Code     0  startup_stm32f10x_md.o(.text)
    SPI2_IRQHandler                          0x080001b3   Thumb Code     0  startup_stm32f10x_md.o(.text)
    TAMPER_IRQHandler                        0x080001b3   Thumb Code     0  startup_stm32f10x_md.o(.text)
    TIM1_BRK_IRQHandler                      0x080001b3   Thumb Code     0  startup_stm32f10x_md.o(.text)
    TIM1_CC_IRQHandler                       0x080001b3   Thumb Code     0  startup_stm32f10x_md.o(.text)
    TIM1_TRG_COM_IRQHandler                  0x080001b3   Thumb Code     0  startup_stm32f10x_md.o(.text)
    TIM1_UP_IRQHandler                       0x080001b3   Thumb Code     0  startup_stm32f10x_md.o(.text)
    TIM2_IRQHandler                          0x080001b3   Thumb Code     0  startup_stm32f10x_md.o(.text)
    TIM3_IRQHandler                          0x080001b3   Thumb Code     0  startup_stm32f10x_md.o(.text)
    TIM4_IRQHandler                          0x080001b3   Thumb Code     0  startup_stm32f10x_md.o(.text)
    USART1_IRQHandler                        0x080001b3   Thumb Code     0  startup_stm32f10x_md.o(.text)
    USART2_IRQHandler                        0x080001b3   Thumb Code     0  startup_stm32f10x_md.o(.text)
    USART3_IRQHandler                        0x080001b3   Thumb Code     0  startup_stm32f10x_md.o(.text)
    USBWakeUp_IRQHandler                     0x080001b3   Thumb Code     0  startup_stm32f10x_md.o(.text)
    USB_HP_CAN1_TX_IRQHandler                0x080001b3   Thumb Code     0  startup_stm32f10x_md.o(.text)
    USB_LP_CAN1_RX0_IRQHandler               0x080001b3   Thumb Code     0  startup_stm32f10x_md.o(.text)
    WWDG_IRQHandler                          0x080001b3   Thumb Code     0  startup_stm32f10x_md.o(.text)
    __aeabi_memcpy                           0x080001bd   Thumb Code    36  memcpya.o(.text)
    __aeabi_memcpy4                          0x080001bd   Thumb Code     0  memcpya.o(.text)
    __aeabi_memcpy8                          0x080001bd   Thumb Code     0  memcpya.o(.text)
    __aeabi_memset                           0x080001e1   Thumb Code    14  memseta.o(.text)
    __aeabi_memset4                          0x080001e1   Thumb Code     0  memseta.o(.text)
    __aeabi_memset8                          0x080001e1   Thumb Code     0  memseta.o(.text)
    __aeabi_memclr                           0x080001ef   Thumb Code     4  memseta.o(.text)
    __aeabi_memclr4                          0x080001ef   Thumb Code     0  memseta.o(.text)
    __aeabi_memclr8                          0x080001ef   Thumb Code     0  memseta.o(.text)
    _memset$wrapper                          0x080001f3   Thumb Code    18  memseta.o(.text)
    strcmp                                   0x08000205   Thumb Code    28  strcmp.o(.text)
    strtok                                   0x08000221   Thumb Code    62  strtok.o(.text)
    atoi                                     0x08000265   Thumb Code    26  atoi.o(.text)
    __aeabi_fadd                             0x0800027f   Thumb Code   164  fadd.o(.text)
    __aeabi_fsub                             0x08000323   Thumb Code     6  fadd.o(.text)
    __aeabi_frsub                            0x08000329   Thumb Code     6  fadd.o(.text)
    __aeabi_fmul                             0x0800032f   Thumb Code   100  fmul.o(.text)
    __aeabi_fdiv                             0x08000393   Thumb Code   124  fdiv.o(.text)
    __aeabi_dadd                             0x0800040f   Thumb Code   322  dadd.o(.text)
    __aeabi_dsub                             0x08000551   Thumb Code     6  dadd.o(.text)
    __aeabi_drsub                            0x08000557   Thumb Code     6  dadd.o(.text)
    __aeabi_dmul                             0x0800055d   Thumb Code   228  dmul.o(.text)
    __aeabi_ddiv                             0x08000641   Thumb Code   222  ddiv.o(.text)
    __aeabi_ui2f                             0x0800071f   Thumb Code    10  ffltui.o(.text)
    __aeabi_ui2d                             0x08000729   Thumb Code    26  dfltui.o(.text)
    __aeabi_d2uiz                            0x08000743   Thumb Code    50  dfixui.o(.text)
    __aeabi_f2d                              0x08000775   Thumb Code    38  f2d.o(.text)
    __aeabi_d2f                              0x0800079b   Thumb Code    56  d2f.o(.text)
    __aeabi_cfcmpeq                          0x080007d5   Thumb Code     0  cfcmple.o(.text)
    __aeabi_cfcmple                          0x080007d5   Thumb Code    20  cfcmple.o(.text)
    __aeabi_cfrcmple                         0x080007e9   Thumb Code    20  cfrcmple.o(.text)
    __aeabi_uidiv                            0x080007fd   Thumb Code     0  uidiv.o(.text)
    __aeabi_uidivmod                         0x080007fd   Thumb Code    44  uidiv.o(.text)
    __aeabi_uldivmod                         0x08000829   Thumb Code    98  uldiv.o(.text)
    __aeabi_llsl                             0x0800088b   Thumb Code    30  llshl.o(.text)
    _ll_shift_l                              0x0800088b   Thumb Code     0  llshl.o(.text)
    __aeabi_llsr                             0x080008a9   Thumb Code    32  llushr.o(.text)
    _ll_ushift_r                             0x080008a9   Thumb Code     0  llushr.o(.text)
    __aeabi_lasr                             0x080008c9   Thumb Code    36  llsshr.o(.text)
    _ll_sshift_r                             0x080008c9   Thumb Code     0  llsshr.o(.text)
    strtol                                   0x080008ed   Thumb Code   112  strtol.o(.text)
    __I$use$fp                               0x0800095d   Thumb Code     0  iusefp.o(.text)
    _float_round                             0x0800095d   Thumb Code    18  fepilogue.o(.text)
    _float_epilogue                          0x0800096f   Thumb Code    92  fepilogue.o(.text)
    _double_round                            0x080009cb   Thumb Code    30  depilogue.o(.text)
    _double_epilogue                         0x080009e9   Thumb Code   156  depilogue.o(.text)
    __ARM_scalbn                             0x08000a85   Thumb Code    46  dscalb.o(.text)
    scalbn                                   0x08000a85   Thumb Code     0  dscalb.o(.text)
    __aeabi_i2d                              0x08000ab3   Thumb Code    34  dflti.o(.text)
    __aeabi_d2ulz                            0x08000ad5   Thumb Code    48  dfixul.o(.text)
    __aeabi_cdrcmple                         0x08000b05   Thumb Code    48  cdrcmple.o(.text)
    __scatterload                            0x08000b35   Thumb Code    28  init.o(.text)
    __scatterload_rt2                        0x08000b35   Thumb Code     0  init.o(.text)
    __rt_ctype_table                         0x08000b59   Thumb Code     4  ctype_o.o(.text)
    _strtoul                                 0x08000b61   Thumb Code   158  _strtoul.o(.text)
    _dsqrt                                   0x08000bff   Thumb Code   162  dsqrt.o(.text)
    _chval                                   0x08000ca1   Thumb Code    28  _chval.o(.text)
    ADC_Cmd                                  0x08000cbd   Thumb Code    22  stm32f10x_adc.o(i.ADC_Cmd)
    ADC_GetCalibrationStatus                 0x08000cd3   Thumb Code    20  stm32f10x_adc.o(i.ADC_GetCalibrationStatus)
    ADC_GetConversionValue                   0x08000ce7   Thumb Code     8  stm32f10x_adc.o(i.ADC_GetConversionValue)
    ADC_GetFlagStatus                        0x08000cef   Thumb Code    18  stm32f10x_adc.o(i.ADC_GetFlagStatus)
    ADC_GetResetCalibrationStatus            0x08000d01   Thumb Code    20  stm32f10x_adc.o(i.ADC_GetResetCalibrationStatus)
    ADC_Init                                 0x08000d15   Thumb Code    70  stm32f10x_adc.o(i.ADC_Init)
    ADC_RegularChannelConfig                 0x08000d65   Thumb Code   184  stm32f10x_adc.o(i.ADC_RegularChannelConfig)
    ADC_ResetCalibration                     0x08000e1d   Thumb Code    10  stm32f10x_adc.o(i.ADC_ResetCalibration)
    ADC_SoftwareStartConvCmd                 0x08000e27   Thumb Code    22  stm32f10x_adc.o(i.ADC_SoftwareStartConvCmd)
    ADC_StartCalibration                     0x08000e3d   Thumb Code    10  stm32f10x_adc.o(i.ADC_StartCalibration)
    AD_GetValue                              0x08000e49   Thumb Code    32  ad.o(i.AD_GetValue)
    AD_Init                                  0x08000e6d   Thumb Code   150  ad.o(i.AD_Init)
    AHT20_Init                               0x08000f0d   Thumb Code    92  aht20.o(i.AHT20_Init)
    AHT20_ReadData                           0x08000f69   Thumb Code   288  aht20.o(i.AHT20_ReadData)
    BH1750_ReadLightLevel                    0x08001105   Thumb Code    94  bh1750.o(i.BH1750_ReadLightLevel)
    BusFault_Handler                         0x08001169   Thumb Code     4  stm32f10x_it.o(i.BusFault_Handler)
    Buzzer_AutoControl                       0x0800116d   Thumb Code    32  buzzer.o(i.Buzzer_AutoControl)
    Buzzer_GetState                          0x08001195   Thumb Code     6  buzzer.o(i.Buzzer_GetState)
    Buzzer_Init                              0x080011a1   Thumb Code    42  buzzer.o(i.Buzzer_Init)
    Buzzer_Off                               0x080011d1   Thumb Code    18  buzzer.o(i.Buzzer_Off)
    Buzzer_On                                0x080011ed   Thumb Code    18  buzzer.o(i.Buzzer_On)
    Comm_Task                                0x08001275   Thumb Code   118  comm_task.o(i.Comm_Task)
    Control_Task                             0x0800134d   Thumb Code    74  control_task.o(i.Control_Task)
    DebugMon_Handler                         0x08001397   Thumb Code     2  stm32f10x_it.o(i.DebugMon_Handler)
    Delay_Init                               0x08001399   Thumb Code    16  delay.o(i.Delay_Init)
    Delay_ms                                 0x080013b5   Thumb Code    24  delay.o(i.Delay_ms)
    Delay_us                                 0x080013cd   Thumb Code    36  delay.o(i.Delay_us)
    Display_Task                             0x080013f5   Thumb Code   272  display_task.o(i.Display_Task)
    GPIO_Init                                0x080015c5   Thumb Code   278  stm32f10x_gpio.o(i.GPIO_Init)
    GPIO_ReadInputDataBit                    0x080016db   Thumb Code    18  stm32f10x_gpio.o(i.GPIO_ReadInputDataBit)
    GPIO_ResetBits                           0x080016ed   Thumb Code     4  stm32f10x_gpio.o(i.GPIO_ResetBits)
    GPIO_SetBits                             0x080016f1   Thumb Code     4  stm32f10x_gpio.o(i.GPIO_SetBits)
    GPIO_WriteBit                            0x080016f5   Thumb Code    10  stm32f10x_gpio.o(i.GPIO_WriteBit)
    Get_Motor_Speed                          0x08001701   Thumb Code     6  pwm_motor.o(i.Get_Motor_Speed)
    HardFault_Handler                        0x0800170d   Thumb Code     4  stm32f10x_it.o(i.HardFault_Handler)
    Key_Init                                 0x08001741   Thumb Code    40  key.o(i.Key_Init)
    LED_AutoControlByLight                   0x0800176d   Thumb Code    84  pwm_led.o(i.LED_AutoControlByLight)
    LED_GetBrightness                        0x080017d1   Thumb Code     6  pwm_led.o(i.LED_GetBrightness)
    LED_PWM_Init                             0x080017dd   Thumb Code   140  pwm_led.o(i.LED_PWM_Init)
    LED_SetBrightness                        0x0800186d   Thumb Code    26  pwm_led.o(i.LED_SetBrightness)
    MQ135_GetPPM                             0x0800188d   Thumb Code   130  mq135.o(i.MQ135_GetPPM)
    MQ135_Init                               0x0800192d   Thumb Code     8  mq135.o(i.MQ135_Init)
    MQ135_ReadRaw                            0x08001935   Thumb Code     8  mq135.o(i.MQ135_ReadRaw)
    MQ135_ReadVoltage                        0x0800193d   Thumb Code    34  mq135.o(i.MQ135_ReadVoltage)
    MemManage_Handler                        0x08001965   Thumb Code     4  stm32f10x_it.o(i.MemManage_Handler)
    Motor_Init                               0x08001969   Thumb Code   144  pwm_motor.o(i.Motor_Init)
    Motor_SetSpeed                           0x080019fd   Thumb Code    26  pwm_motor.o(i.Motor_SetSpeed)
    Motor_Stop                               0x08001a1d   Thumb Code    10  pwm_motor.o(i.Motor_Stop)
    Motor_TemperatureControl                 0x08001a29   Thumb Code    64  pwm_motor.o(i.Motor_TemperatureControl)
    MyI2C1_Init                              0x08001a75   Thumb Code    48  myi2c1.o(i.MyI2C1_Init)
    MyI2C1_R_SDA                             0x08001aa9   Thumb Code    24  myi2c1.o(i.MyI2C1_R_SDA)
    MyI2C1_ReceiveAck                        0x08001ac5   Thumb Code    30  myi2c1.o(i.MyI2C1_ReceiveAck)
    MyI2C1_ReceiveByte                       0x08001ae3   Thumb Code    52  myi2c1.o(i.MyI2C1_ReceiveByte)
    MyI2C1_SendAck                           0x08001b17   Thumb Code    24  myi2c1.o(i.MyI2C1_SendAck)
    MyI2C1_SendByte                          0x08001b2f   Thumb Code    42  myi2c1.o(i.MyI2C1_SendByte)
    MyI2C1_Start                             0x08001b59   Thumb Code    28  myi2c1.o(i.MyI2C1_Start)
    MyI2C1_Stop                              0x08001b75   Thumb Code    22  myi2c1.o(i.MyI2C1_Stop)
    MyI2C1_W_SCL                             0x08001b8d   Thumb Code    24  myi2c1.o(i.MyI2C1_W_SCL)
    MyI2C1_W_SDA                             0x08001ba9   Thumb Code    24  myi2c1.o(i.MyI2C1_W_SDA)
    MyI2C2_Init                              0x08001bc5   Thumb Code    48  myi2c2.o(i.MyI2C2_Init)
    MyI2C2_R_SDA                             0x08001bf9   Thumb Code    24  myi2c2.o(i.MyI2C2_R_SDA)
    MyI2C2_ReceiveAck                        0x08001c15   Thumb Code    30  myi2c2.o(i.MyI2C2_ReceiveAck)
    MyI2C2_ReceiveByte                       0x08001c33   Thumb Code    52  myi2c2.o(i.MyI2C2_ReceiveByte)
    MyI2C2_SendAck                           0x08001c67   Thumb Code    24  myi2c2.o(i.MyI2C2_SendAck)
    MyI2C2_SendByte                          0x08001c7f   Thumb Code    42  myi2c2.o(i.MyI2C2_SendByte)
    MyI2C2_Start                             0x08001ca9   Thumb Code    28  myi2c2.o(i.MyI2C2_Start)
    MyI2C2_Stop                              0x08001cc5   Thumb Code    22  myi2c2.o(i.MyI2C2_Stop)
    MyI2C2_W_SCL                             0x08001cdd   Thumb Code    24  myi2c2.o(i.MyI2C2_W_SCL)
    MyI2C2_W_SDA                             0x08001cf9   Thumb Code    24  myi2c2.o(i.MyI2C2_W_SDA)
    NMI_Handler                              0x08001d15   Thumb Code     2  stm32f10x_it.o(i.NMI_Handler)
    NVIC_Init                                0x08001d19   Thumb Code   100  misc.o(i.NVIC_Init)
    NVIC_PriorityGroupConfig                 0x08001d89   Thumb Code    10  misc.o(i.NVIC_PriorityGroupConfig)
    OLED_Clear                               0x08001d9d   Thumb Code    42  oled.o(i.OLED_Clear)
    OLED_I2C_Init                            0x08001dc9   Thumb Code    98  oled.o(i.OLED_I2C_Init)
    OLED_I2C_SendByte                        0x08001e31   Thumb Code    62  oled.o(i.OLED_I2C_SendByte)
    OLED_I2C_Start                           0x08001e6f   Thumb Code    28  oled.o(i.OLED_I2C_Start)
    OLED_I2C_Stop                            0x08001e8b   Thumb Code    22  oled.o(i.OLED_I2C_Stop)
    OLED_Init                                0x08001ea1   Thumb Code   174  oled.o(i.OLED_Init)
    OLED_SetCursor                           0x08001f4f   Thumb Code    34  oled.o(i.OLED_SetCursor)
    OLED_ShowChar                            0x08001f71   Thumb Code   110  oled.o(i.OLED_ShowChar)
    OLED_ShowString                          0x08001fe5   Thumb Code    40  oled.o(i.OLED_ShowString)
    OLED_W_SCL                               0x0800200d   Thumb Code    24  oled.o(i.OLED_W_SCL)
    OLED_W_SDA                               0x08002029   Thumb Code    24  oled.o(i.OLED_W_SDA)
    OLED_WriteCommand                        0x08002045   Thumb Code    32  oled.o(i.OLED_WriteCommand)
    OLED_WriteData                           0x08002065   Thumb Code    32  oled.o(i.OLED_WriteData)
    PWM_Humidifier_AutoControl               0x08002085   Thumb Code    46  pwm_humidifier.o(i.PWM_Humidifier_AutoControl)
    PWM_Humidifier_GetCurrentDuty            0x080020bd   Thumb Code     6  pwm_humidifier.o(i.PWM_Humidifier_GetCurrentDuty)
    PWM_Humidifier_Init                      0x080020c9   Thumb Code   144  pwm_humidifier.o(i.PWM_Humidifier_Init)
    PWM_Humidifier_Off                       0x0800215d   Thumb Code    10  pwm_humidifier.o(i.PWM_Humidifier_Off)
    PWM_Humidifier_SetDutyCycle              0x08002169   Thumb Code    26  pwm_humidifier.o(i.PWM_Humidifier_SetDutyCycle)
    PWR_EnterSTOPMode                        0x08002189   Thumb Code    54  stm32f10x_pwr.o(i.PWR_EnterSTOPMode)
    PWR_WakeUpPinCmd                         0x080021c9   Thumb Code     6  stm32f10x_pwr.o(i.PWR_WakeUpPinCmd)
    PowerManagement_Task                     0x080021d5   Thumb Code    60  power_management.o(i.PowerManagement_Task)
    PowerMode_GetCurrentMode                 0x08002235   Thumb Code     6  power_mode.o(i.PowerMode_GetCurrentMode)
    PowerMode_Init                           0x08002241   Thumb Code    20  power_mode.o(i.PowerMode_Init)
    PowerMode_SetMode                        0x08002255   Thumb Code    48  power_mode.o(i.PowerMode_SetMode)
    RCC_ADCCLKConfig                         0x08002409   Thumb Code    18  stm32f10x_rcc.o(i.RCC_ADCCLKConfig)
    RCC_APB1PeriphClockCmd                   0x08002421   Thumb Code    26  stm32f10x_rcc.o(i.RCC_APB1PeriphClockCmd)
    RCC_APB2PeriphClockCmd                   0x08002441   Thumb Code    26  stm32f10x_rcc.o(i.RCC_APB2PeriphClockCmd)
    RCC_GetClocksFreq                        0x08002461   Thumb Code   192  stm32f10x_rcc.o(i.RCC_GetClocksFreq)
    Sensor_Task                              0x08002535   Thumb Code    80  sensor_task.o(i.Sensor_Task)
    Serial_Init                              0x08002585   Thumb Code   170  serial.o(i.Serial_Init)
    Serial_SendByte                          0x08002639   Thumb Code    28  serial.o(i.Serial_SendByte)
    SystemInit                               0x08002859   Thumb Code    78  system_stm32f10x.o(i.SystemInit)
    TIM_ARRPreloadConfig                     0x080028b9   Thumb Code    24  stm32f10x_tim.o(i.TIM_ARRPreloadConfig)
    TIM_Cmd                                  0x080028d1   Thumb Code    24  stm32f10x_tim.o(i.TIM_Cmd)
    TIM_OC2Init                              0x080028e9   Thumb Code   154  stm32f10x_tim.o(i.TIM_OC2Init)
    TIM_OC2PreloadConfig                     0x0800298d   Thumb Code    26  stm32f10x_tim.o(i.TIM_OC2PreloadConfig)
    TIM_OC3Init                              0x080029a9   Thumb Code   150  stm32f10x_tim.o(i.TIM_OC3Init)
    TIM_OC3PreloadConfig                     0x08002a49   Thumb Code    18  stm32f10x_tim.o(i.TIM_OC3PreloadConfig)
    TIM_OC4Init                              0x08002a5d   Thumb Code   114  stm32f10x_tim.o(i.TIM_OC4Init)
    TIM_OC4PreloadConfig                     0x08002ad9   Thumb Code    26  stm32f10x_tim.o(i.TIM_OC4PreloadConfig)
    TIM_SetCompare2                          0x08002af3   Thumb Code     4  stm32f10x_tim.o(i.TIM_SetCompare2)
    TIM_SetCompare3                          0x08002af7   Thumb Code     4  stm32f10x_tim.o(i.TIM_SetCompare3)
    TIM_SetCompare4                          0x08002afb   Thumb Code     6  stm32f10x_tim.o(i.TIM_SetCompare4)
    TIM_TimeBaseInit                         0x08002b01   Thumb Code   122  stm32f10x_tim.o(i.TIM_TimeBaseInit)
    TaskManager_CreateTasks                  0x08002ba5   Thumb Code   164  task_manager.o(i.TaskManager_CreateTasks)
    TaskManager_GetControlQueue              0x08002cbd   Thumb Code     6  task_manager.o(i.TaskManager_GetControlQueue)
    TaskManager_GetSensorQueue               0x08002cc9   Thumb Code     6  task_manager.o(i.TaskManager_GetSensorQueue)
    TaskManager_GetSystemStatus              0x08002cd5   Thumb Code     4  task_manager.o(i.TaskManager_GetSystemStatus)
    TaskManager_Init                         0x08002cdd   Thumb Code    56  task_manager.o(i.TaskManager_Init)
    USART_Cmd                                0x08002d3d   Thumb Code    24  stm32f10x_usart.o(i.USART_Cmd)
    USART_GetFlagStatus                      0x08002d55   Thumb Code    26  stm32f10x_usart.o(i.USART_GetFlagStatus)
    USART_ITConfig                           0x08002d6f   Thumb Code    74  stm32f10x_usart.o(i.USART_ITConfig)
    USART_Init                               0x08002db9   Thumb Code   210  stm32f10x_usart.o(i.USART_Init)
    USART_SendData                           0x08002e91   Thumb Code     8  stm32f10x_usart.o(i.USART_SendData)
    UsageFault_Handler                       0x08002e99   Thumb Code     4  stm32f10x_it.o(i.UsageFault_Handler)
    __0printf                                0x08002e9d   Thumb Code    22  printfa.o(i.__0printf)
    __1printf                                0x08002e9d   Thumb Code     0  printfa.o(i.__0printf)
    __2printf                                0x08002e9d   Thumb Code     0  printfa.o(i.__0printf)
    __c89printf                              0x08002e9d   Thumb Code     0  printfa.o(i.__0printf)
    printf                                   0x08002e9d   Thumb Code     0  printfa.o(i.__0printf)
    __0sprintf                               0x08002ebd   Thumb Code    34  printfa.o(i.__0sprintf)
    __1sprintf                               0x08002ebd   Thumb Code     0  printfa.o(i.__0sprintf)
    __2sprintf                               0x08002ebd   Thumb Code     0  printfa.o(i.__0sprintf)
    __c89sprintf                             0x08002ebd   Thumb Code     0  printfa.o(i.__0sprintf)
    sprintf                                  0x08002ebd   Thumb Code     0  printfa.o(i.__0sprintf)
    __ARM_fpclassify                         0x08002ee5   Thumb Code    40  fpclassify.o(i.__ARM_fpclassify)
    __aeabi_errno_addr                       0x08002f0d   Thumb Code     4  errno.o(i.__aeabi_errno_addr)
    __rt_errno_addr                          0x08002f0d   Thumb Code     0  errno.o(i.__aeabi_errno_addr)
    __kernel_poly                            0x08002f15   Thumb Code   170  poly.o(i.__kernel_poly)
    __mathlib_dbl_divzero                    0x08002fc1   Thumb Code    12  dunder.o(i.__mathlib_dbl_divzero)
    __mathlib_dbl_infnan2                    0x08002fd1   Thumb Code     4  dunder.o(i.__mathlib_dbl_infnan2)
    __mathlib_dbl_invalid                    0x08002fd5   Thumb Code    12  dunder.o(i.__mathlib_dbl_invalid)
    __mathlib_dbl_overflow                   0x08002fe1   Thumb Code    14  dunder.o(i.__mathlib_dbl_overflow)
    __mathlib_dbl_underflow                  0x08002ff1   Thumb Code    10  dunder.o(i.__mathlib_dbl_underflow)
    __scatterload_copy                       0x08003001   Thumb Code    14  handlers.o(i.__scatterload_copy)
    __scatterload_null                       0x0800300f   Thumb Code     2  handlers.o(i.__scatterload_null)
    __scatterload_zeroinit                   0x08003011   Thumb Code    14  handlers.o(i.__scatterload_zeroinit)
    __set_errno                              0x08003021   Thumb Code     6  errno.o(i.__set_errno)
    eTaskConfirmSleepModeStatus              0x080038e9   Thumb Code    52  tasks.o(i.eTaskConfirmSleepModeStatus)
    fputc                                    0x08003931   Thumb Code    16  serial.o(i.fputc)
    main                                     0x08003941   Thumb Code    62  main.o(i.main)
    pow                                      0x080039cd   Thumb Code  2512  pow.o(i.pow)
    pvPortMalloc                             0x08004ce1   Thumb Code   218  heap_4.o(i.pvPortMalloc)
    pxPortInitialiseStack                    0x08004dd1   Thumb Code    30  port.o(i.pxPortInitialiseStack)
    sqrt                                     0x08004df5   Thumb Code    76  sqrt.o(i.sqrt)
    uxListRemove                             0x08004e41   Thumb Code    40  list.o(i.uxListRemove)
    vApplicationIdleHook                     0x08004e69   Thumb Code     2  main.o(i.vApplicationIdleHook)
    vApplicationMallocFailedHook             0x08004e6d   Thumb Code    10  main.o(i.vApplicationMallocFailedHook)
    vApplicationStackOverflowHook            0x08004e8d   Thumb Code    14  main.o(i.vApplicationStackOverflowHook)
    vListInitialise                          0x08004eb5   Thumb Code    26  list.o(i.vListInitialise)
    vListInitialiseItem                      0x08004ecf   Thumb Code     6  list.o(i.vListInitialiseItem)
    vListInsert                              0x08004ed5   Thumb Code    52  list.o(i.vListInsert)
    vPortEnterCritical                       0x08004f09   Thumb Code    30  port.o(i.vPortEnterCritical)
    vPortExitCritical                        0x08004f2d   Thumb Code    28  port.o(i.vPortExitCritical)
    vPortFree                                0x08004f4d   Thumb Code    68  heap_4.o(i.vPortFree)
    vPortSetupTimerInterrupt                 0x08004f99   Thumb Code    50  port.o(i.vPortSetupTimerInterrupt)
    vPortSuppressTicksAndSleep               0x08004fdd   Thumb Code   306  port.o(i.vPortSuppressTicksAndSleep)
    vQueueWaitForMessageRestricted           0x08005121   Thumb Code    74  queue.o(i.vQueueWaitForMessageRestricted)
    vTaskDelay                               0x0800516d   Thumb Code    46  tasks.o(i.vTaskDelay)
    vTaskInternalSetTimeOutState             0x080051a1   Thumb Code    14  tasks.o(i.vTaskInternalSetTimeOutState)
    vTaskMissedYield                         0x080051b9   Thumb Code     8  tasks.o(i.vTaskMissedYield)
    vTaskPlaceOnEventList                    0x080051c5   Thumb Code    28  tasks.o(i.vTaskPlaceOnEventList)
    vTaskPlaceOnEventListRestricted          0x080051e5   Thumb Code    70  tasks.o(i.vTaskPlaceOnEventListRestricted)
    vTaskStartScheduler                      0x08005231   Thumb Code    86  tasks.o(i.vTaskStartScheduler)
    vTaskStepTick                            0x080052a9   Thumb Code    50  tasks.o(i.vTaskStepTick)
    vTaskSuspendAll                          0x080052e9   Thumb Code    12  tasks.o(i.vTaskSuspendAll)
    vTaskSwitchContext                       0x080052f9   Thumb Code   154  tasks.o(i.vTaskSwitchContext)
    xPortStartScheduler                      0x080053a9   Thumb Code    42  port.o(i.xPortStartScheduler)
    xQueueGenericCreate                      0x080053dd   Thumb Code    76  queue.o(i.xQueueGenericCreate)
    xQueueGenericReset                       0x08005429   Thumb Code   156  queue.o(i.xQueueGenericReset)
    xQueueGenericSend                        0x080054c9   Thumb Code   276  queue.o(i.xQueueGenericSend)
    xQueuePeek                               0x080055e1   Thumb Code   262  queue.o(i.xQueuePeek)
    xQueueReceive                            0x080056ed   Thumb Code   256  queue.o(i.xQueueReceive)
    xTaskCheckForTimeOut                     0x080057f1   Thumb Code    88  tasks.o(i.xTaskCheckForTimeOut)
    xTaskCreate                              0x08005851   Thumb Code   104  tasks.o(i.xTaskCreate)
    xTaskDelayUntil                          0x080058b9   Thumb Code   108  tasks.o(i.xTaskDelayUntil)
    xTaskGetTickCount                        0x0800592d   Thumb Code     6  tasks.o(i.xTaskGetTickCount)
    xTaskIncrementTick                       0x08005939   Thumb Code   354  tasks.o(i.xTaskIncrementTick)
    xTaskPriorityDisinherit                  0x08005ac9   Thumb Code   138  tasks.o(i.xTaskPriorityDisinherit)
    xTaskRemoveFromEventList                 0x08005b5d   Thumb Code   242  tasks.o(i.xTaskRemoveFromEventList)
    xTaskResumeAll                           0x08005c69   Thumb Code   308  tasks.o(i.xTaskResumeAll)
    xTimerCreateTimerTask                    0x08005dc1   Thumb Code    42  timers.o(i.xTimerCreateTimerTask)
    OLED_F8x16                               0x08005e00   Data        1520  oled.o(.constdata)
    __mathlib_zero                           0x08006478   Data           8  qnan.o(.constdata)
    __ctype_table                            0x08006480   Data         129  ctype_o.o(.constdata)
    Region$$Table$$Base                      0x08006508   Number         0  anon$$obj.o(Region$$Table)
    Region$$Table$$Limit                     0x08006528   Number         0  anon$$obj.o(Region$$Table)
    SystemCoreClock                          0x20000000   Data           4  system_stm32f10x.o(.data)
    AHBPrescTable                            0x20000004   Data          16  system_stm32f10x.o(.data)
    pxCurrentTCB                             0x20000054   Data           4  tasks.o(.data)
    uxTopUsedPriority                        0x2000008c   Data           4  tasks.o(.data)
    Serial_RxFlag                            0x200000a9   Data           1  serial.o(.data)
    __stdout                                 0x200000cc   Data           4  stdout.o(.data)
    Serial_RxPacket                          0x200029d8   Data         100  serial.o(.bss)
    __initial_sp                             0x20002e48   Data           0  startup_stm32f10x_md.o(STACK)



==============================================================================

Memory Map of the image

  Image Entry point : 0x080000ed

  Load Region LR_IROM1 (Base: 0x08000000, Size: 0x000065fc, Max: 0x00010000, ABSOLUTE)

    Execution Region ER_IROM1 (Exec base: 0x08000000, Load base: 0x08000000, Size: 0x00006528, Max: 0x00010000, ABSOLUTE)

    Exec Addr    Load Addr    Size         Type   Attr      Idx    E Section Name        Object

    0x08000000   0x08000000   0x000000ec   Data   RO            3    RESET               startup_stm32f10x_md.o
    0x080000ec   0x080000ec   0x00000000   Code   RO         5296  * .ARM.Collect$$$$00000000  mc_w.l(entry.o)
    0x080000ec   0x080000ec   0x00000004   Code   RO         5629    .ARM.Collect$$$$00000001  mc_w.l(entry2.o)
    0x080000f0   0x080000f0   0x00000004   Code   RO         5632    .ARM.Collect$$$$00000004  mc_w.l(entry5.o)
    0x080000f4   0x080000f4   0x00000000   Code   RO         5634    .ARM.Collect$$$$00000008  mc_w.l(entry7b.o)
    0x080000f4   0x080000f4   0x00000000   Code   RO         5636    .ARM.Collect$$$$0000000A  mc_w.l(entry8b.o)
    0x080000f4   0x080000f4   0x00000008   Code   RO         5637    .ARM.Collect$$$$0000000B  mc_w.l(entry9a.o)
    0x080000fc   0x080000fc   0x00000000   Code   RO         5639    .ARM.Collect$$$$0000000D  mc_w.l(entry10a.o)
    0x080000fc   0x080000fc   0x00000000   Code   RO         5641    .ARM.Collect$$$$0000000F  mc_w.l(entry11a.o)
    0x080000fc   0x080000fc   0x00000004   Code   RO         5630    .ARM.Collect$$$$00002712  mc_w.l(entry2.o)
    0x08000100   0x08000100   0x00000096   Code   RO         3432    .emb_text           port.o
    0x08000196   0x08000196   0x00000002   PAD
    0x08000198   0x08000198   0x00000024   Code   RO            4    .text               startup_stm32f10x_md.o
    0x080001bc   0x080001bc   0x00000024   Code   RO         5299    .text               mc_w.l(memcpya.o)
    0x080001e0   0x080001e0   0x00000024   Code   RO         5301    .text               mc_w.l(memseta.o)
    0x08000204   0x08000204   0x0000001c   Code   RO         5303    .text               mc_w.l(strcmp.o)
    0x08000220   0x08000220   0x00000044   Code   RO         5305    .text               mc_w.l(strtok.o)
    0x08000264   0x08000264   0x0000001a   Code   RO         5574    .text               mc_w.l(atoi.o)
    0x0800027e   0x0800027e   0x000000b0   Code   RO         5576    .text               mf_w.l(fadd.o)
    0x0800032e   0x0800032e   0x00000064   Code   RO         5578    .text               mf_w.l(fmul.o)
    0x08000392   0x08000392   0x0000007c   Code   RO         5580    .text               mf_w.l(fdiv.o)
    0x0800040e   0x0800040e   0x0000014e   Code   RO         5582    .text               mf_w.l(dadd.o)
    0x0800055c   0x0800055c   0x000000e4   Code   RO         5584    .text               mf_w.l(dmul.o)
    0x08000640   0x08000640   0x000000de   Code   RO         5586    .text               mf_w.l(ddiv.o)
    0x0800071e   0x0800071e   0x0000000a   Code   RO         5588    .text               mf_w.l(ffltui.o)
    0x08000728   0x08000728   0x0000001a   Code   RO         5590    .text               mf_w.l(dfltui.o)
    0x08000742   0x08000742   0x00000032   Code   RO         5592    .text               mf_w.l(dfixui.o)
    0x08000774   0x08000774   0x00000026   Code   RO         5594    .text               mf_w.l(f2d.o)
    0x0800079a   0x0800079a   0x00000038   Code   RO         5596    .text               mf_w.l(d2f.o)
    0x080007d2   0x080007d2   0x00000002   PAD
    0x080007d4   0x080007d4   0x00000014   Code   RO         5598    .text               mf_w.l(cfcmple.o)
    0x080007e8   0x080007e8   0x00000014   Code   RO         5600    .text               mf_w.l(cfrcmple.o)
    0x080007fc   0x080007fc   0x0000002c   Code   RO         5644    .text               mc_w.l(uidiv.o)
    0x08000828   0x08000828   0x00000062   Code   RO         5646    .text               mc_w.l(uldiv.o)
    0x0800088a   0x0800088a   0x0000001e   Code   RO         5648    .text               mc_w.l(llshl.o)
    0x080008a8   0x080008a8   0x00000020   Code   RO         5650    .text               mc_w.l(llushr.o)
    0x080008c8   0x080008c8   0x00000024   Code   RO         5652    .text               mc_w.l(llsshr.o)
    0x080008ec   0x080008ec   0x00000070   Code   RO         5661    .text               mc_w.l(strtol.o)
    0x0800095c   0x0800095c   0x00000000   Code   RO         5663    .text               mc_w.l(iusefp.o)
    0x0800095c   0x0800095c   0x0000006e   Code   RO         5664    .text               mf_w.l(fepilogue.o)
    0x080009ca   0x080009ca   0x000000ba   Code   RO         5666    .text               mf_w.l(depilogue.o)
    0x08000a84   0x08000a84   0x0000002e   Code   RO         5668    .text               mf_w.l(dscalb.o)
    0x08000ab2   0x08000ab2   0x00000022   Code   RO         5670    .text               mf_w.l(dflti.o)
    0x08000ad4   0x08000ad4   0x00000030   Code   RO         5672    .text               mf_w.l(dfixul.o)
    0x08000b04   0x08000b04   0x00000030   Code   RO         5674    .text               mf_w.l(cdrcmple.o)
    0x08000b34   0x08000b34   0x00000024   Code   RO         5676    .text               mc_w.l(init.o)
    0x08000b58   0x08000b58   0x00000008   Code   RO         5678    .text               mc_w.l(ctype_o.o)
    0x08000b60   0x08000b60   0x0000009e   Code   RO         5706    .text               mc_w.l(_strtoul.o)
    0x08000bfe   0x08000bfe   0x000000a2   Code   RO         5708    .text               mf_w.l(dsqrt.o)
    0x08000ca0   0x08000ca0   0x0000001c   Code   RO         5712    .text               mc_w.l(_chval.o)
    0x08000cbc   0x08000cbc   0x00000016   Code   RO          202    i.ADC_Cmd           stm32f10x_adc.o
    0x08000cd2   0x08000cd2   0x00000014   Code   RO          210    i.ADC_GetCalibrationStatus  stm32f10x_adc.o
    0x08000ce6   0x08000ce6   0x00000008   Code   RO          211    i.ADC_GetConversionValue  stm32f10x_adc.o
    0x08000cee   0x08000cee   0x00000012   Code   RO          213    i.ADC_GetFlagStatus  stm32f10x_adc.o
    0x08000d00   0x08000d00   0x00000014   Code   RO          216    i.ADC_GetResetCalibrationStatus  stm32f10x_adc.o
    0x08000d14   0x08000d14   0x00000050   Code   RO          220    i.ADC_Init          stm32f10x_adc.o
    0x08000d64   0x08000d64   0x000000b8   Code   RO          224    i.ADC_RegularChannelConfig  stm32f10x_adc.o
    0x08000e1c   0x08000e1c   0x0000000a   Code   RO          225    i.ADC_ResetCalibration  stm32f10x_adc.o
    0x08000e26   0x08000e26   0x00000016   Code   RO          227    i.ADC_SoftwareStartConvCmd  stm32f10x_adc.o
    0x08000e3c   0x08000e3c   0x0000000a   Code   RO          229    i.ADC_StartCalibration  stm32f10x_adc.o
    0x08000e46   0x08000e46   0x00000002   PAD
    0x08000e48   0x08000e48   0x00000024   Code   RO         4700    i.AD_GetValue       ad.o
    0x08000e6c   0x08000e6c   0x000000a0   Code   RO         4701    i.AD_Init           ad.o
    0x08000f0c   0x08000f0c   0x0000005c   Code   RO         4830    i.AHT20_Init        aht20.o
    0x08000f68   0x08000f68   0x00000130   Code   RO         4831    i.AHT20_ReadData    aht20.o
    0x08001098   0x08001098   0x0000004c   Code   RO         5236    i.Adjust_PowerMode  power_management.o
    0x080010e4   0x080010e4   0x0000001e   Code   RO         5171    i.AutoControlLogic  control_task.o
    0x08001102   0x08001102   0x00000002   PAD
    0x08001104   0x08001104   0x00000064   Code   RO         4924    i.BH1750_ReadLightLevel  bh1750.o
    0x08001168   0x08001168   0x00000004   Code   RO         3311    i.BusFault_Handler  stm32f10x_it.o
    0x0800116c   0x0800116c   0x00000028   Code   RO         4950    i.Buzzer_AutoControl  buzzer.o
    0x08001194   0x08001194   0x0000000c   Code   RO         4952    i.Buzzer_GetState   buzzer.o
    0x080011a0   0x080011a0   0x00000030   Code   RO         4953    i.Buzzer_Init       buzzer.o
    0x080011d0   0x080011d0   0x0000001c   Code   RO         4954    i.Buzzer_Off        buzzer.o
    0x080011ec   0x080011ec   0x0000001c   Code   RO         4955    i.Buzzer_On         buzzer.o
    0x08001208   0x08001208   0x00000002   Code   RO         5237    i.Calculate_PowerConsumption  power_management.o
    0x0800120a   0x0800120a   0x00000002   PAD
    0x0800120c   0x0800120c   0x00000054   Code   RO         5238    i.Check_BatteryLevel  power_management.o
    0x08001260   0x08001260   0x00000014   Code   RO         5239    i.Check_SystemIdle  power_management.o
    0x08001274   0x08001274   0x000000d8   Code   RO         5205    i.Comm_Task         comm_task.o
    0x0800134c   0x0800134c   0x0000004a   Code   RO         5172    i.Control_Task      control_task.o
    0x08001396   0x08001396   0x00000002   Code   RO         3312    i.DebugMon_Handler  stm32f10x_it.o
    0x08001398   0x08001398   0x0000001c   Code   RO         4379    i.Delay_Init        delay.o
    0x080013b4   0x080013b4   0x00000018   Code   RO         4380    i.Delay_ms          delay.o
    0x080013cc   0x080013cc   0x00000028   Code   RO         4382    i.Delay_us          delay.o
    0x080013f4   0x080013f4   0x00000168   Code   RO         5193    i.Display_Task      display_task.o
    0x0800155c   0x0800155c   0x00000044   Code   RO         5240    i.Enter_LowPowerMode  power_management.o
    0x080015a0   0x080015a0   0x00000024   Code   RO         5173    i.ExecuteCommand    control_task.o
    0x080015c4   0x080015c4   0x00000116   Code   RO         1347    i.GPIO_Init         stm32f10x_gpio.o
    0x080016da   0x080016da   0x00000012   Code   RO         1351    i.GPIO_ReadInputDataBit  stm32f10x_gpio.o
    0x080016ec   0x080016ec   0x00000004   Code   RO         1354    i.GPIO_ResetBits    stm32f10x_gpio.o
    0x080016f0   0x080016f0   0x00000004   Code   RO         1355    i.GPIO_SetBits      stm32f10x_gpio.o
    0x080016f4   0x080016f4   0x0000000a   Code   RO         1358    i.GPIO_WriteBit     stm32f10x_gpio.o
    0x080016fe   0x080016fe   0x00000002   PAD
    0x08001700   0x08001700   0x0000000c   Code   RO         4997    i.Get_Motor_Speed   pwm_motor.o
    0x0800170c   0x0800170c   0x00000004   Code   RO         3313    i.HardFault_Handler  stm32f10x_it.o
    0x08001710   0x08001710   0x00000030   Code   RO         3196    i.Hardware_Init     main.o
    0x08001740   0x08001740   0x0000002c   Code   RO         4415    i.Key_Init          key.o
    0x0800176c   0x0800176c   0x00000064   Code   RO         5079    i.LED_AutoControlByLight  pwm_led.o
    0x080017d0   0x080017d0   0x0000000c   Code   RO         5080    i.LED_GetBrightness  pwm_led.o
    0x080017dc   0x080017dc   0x00000090   Code   RO         5081    i.LED_PWM_Init      pwm_led.o
    0x0800186c   0x0800186c   0x00000020   Code   RO         5082    i.LED_SetBrightness  pwm_led.o
    0x0800188c   0x0800188c   0x000000a0   Code   RO         4719    i.MQ135_GetPPM      mq135.o
    0x0800192c   0x0800192c   0x00000008   Code   RO         4720    i.MQ135_Init        mq135.o
    0x08001934   0x08001934   0x00000008   Code   RO         4721    i.MQ135_ReadRaw     mq135.o
    0x0800193c   0x0800193c   0x00000028   Code   RO         4722    i.MQ135_ReadVoltage  mq135.o
    0x08001964   0x08001964   0x00000004   Code   RO         3314    i.MemManage_Handler  stm32f10x_it.o
    0x08001968   0x08001968   0x00000094   Code   RO         4998    i.Motor_Init        pwm_motor.o
    0x080019fc   0x080019fc   0x00000020   Code   RO         4999    i.Motor_SetSpeed    pwm_motor.o
    0x08001a1c   0x08001a1c   0x0000000a   Code   RO         5000    i.Motor_Stop        pwm_motor.o
    0x08001a26   0x08001a26   0x00000002   PAD
    0x08001a28   0x08001a28   0x0000004c   Code   RO         5001    i.Motor_TemperatureControl  pwm_motor.o
    0x08001a74   0x08001a74   0x00000034   Code   RO         4764    i.MyI2C1_Init       myi2c1.o
    0x08001aa8   0x08001aa8   0x0000001c   Code   RO         4765    i.MyI2C1_R_SDA      myi2c1.o
    0x08001ac4   0x08001ac4   0x0000001e   Code   RO         4766    i.MyI2C1_ReceiveAck  myi2c1.o
    0x08001ae2   0x08001ae2   0x00000034   Code   RO         4767    i.MyI2C1_ReceiveByte  myi2c1.o
    0x08001b16   0x08001b16   0x00000018   Code   RO         4768    i.MyI2C1_SendAck    myi2c1.o
    0x08001b2e   0x08001b2e   0x0000002a   Code   RO         4769    i.MyI2C1_SendByte   myi2c1.o
    0x08001b58   0x08001b58   0x0000001c   Code   RO         4770    i.MyI2C1_Start      myi2c1.o
    0x08001b74   0x08001b74   0x00000016   Code   RO         4771    i.MyI2C1_Stop       myi2c1.o
    0x08001b8a   0x08001b8a   0x00000002   PAD
    0x08001b8c   0x08001b8c   0x0000001c   Code   RO         4772    i.MyI2C1_W_SCL      myi2c1.o
    0x08001ba8   0x08001ba8   0x0000001c   Code   RO         4773    i.MyI2C1_W_SDA      myi2c1.o
    0x08001bc4   0x08001bc4   0x00000034   Code   RO         4857    i.MyI2C2_Init       myi2c2.o
    0x08001bf8   0x08001bf8   0x0000001c   Code   RO         4858    i.MyI2C2_R_SDA      myi2c2.o
    0x08001c14   0x08001c14   0x0000001e   Code   RO         4859    i.MyI2C2_ReceiveAck  myi2c2.o
    0x08001c32   0x08001c32   0x00000034   Code   RO         4860    i.MyI2C2_ReceiveByte  myi2c2.o
    0x08001c66   0x08001c66   0x00000018   Code   RO         4861    i.MyI2C2_SendAck    myi2c2.o
    0x08001c7e   0x08001c7e   0x0000002a   Code   RO         4862    i.MyI2C2_SendByte   myi2c2.o
    0x08001ca8   0x08001ca8   0x0000001c   Code   RO         4863    i.MyI2C2_Start      myi2c2.o
    0x08001cc4   0x08001cc4   0x00000016   Code   RO         4864    i.MyI2C2_Stop       myi2c2.o
    0x08001cda   0x08001cda   0x00000002   PAD
    0x08001cdc   0x08001cdc   0x0000001c   Code   RO         4865    i.MyI2C2_W_SCL      myi2c2.o
    0x08001cf8   0x08001cf8   0x0000001c   Code   RO         4866    i.MyI2C2_W_SDA      myi2c2.o
    0x08001d14   0x08001d14   0x00000002   Code   RO         3315    i.NMI_Handler       stm32f10x_it.o
    0x08001d16   0x08001d16   0x00000002   PAD
    0x08001d18   0x08001d18   0x00000070   Code   RO          137    i.NVIC_Init         misc.o
    0x08001d88   0x08001d88   0x00000014   Code   RO          138    i.NVIC_PriorityGroupConfig  misc.o
    0x08001d9c   0x08001d9c   0x0000002a   Code   RO         4432    i.OLED_Clear        oled.o
    0x08001dc6   0x08001dc6   0x00000002   PAD
    0x08001dc8   0x08001dc8   0x00000068   Code   RO         4433    i.OLED_I2C_Init     oled.o
    0x08001e30   0x08001e30   0x0000003e   Code   RO         4434    i.OLED_I2C_SendByte  oled.o
    0x08001e6e   0x08001e6e   0x0000001c   Code   RO         4435    i.OLED_I2C_Start    oled.o
    0x08001e8a   0x08001e8a   0x00000016   Code   RO         4436    i.OLED_I2C_Stop     oled.o
    0x08001ea0   0x08001ea0   0x000000ae   Code   RO         4437    i.OLED_Init         oled.o
    0x08001f4e   0x08001f4e   0x00000022   Code   RO         4439    i.OLED_SetCursor    oled.o
    0x08001f70   0x08001f70   0x00000074   Code   RO         4441    i.OLED_ShowChar     oled.o
    0x08001fe4   0x08001fe4   0x00000028   Code   RO         4445    i.OLED_ShowString   oled.o
    0x0800200c   0x0800200c   0x0000001c   Code   RO         4446    i.OLED_W_SCL        oled.o
    0x08002028   0x08002028   0x0000001c   Code   RO         4447    i.OLED_W_SDA        oled.o
    0x08002044   0x08002044   0x00000020   Code   RO         4448    i.OLED_WriteCommand  oled.o
    0x08002064   0x08002064   0x00000020   Code   RO         4449    i.OLED_WriteData    oled.o
    0x08002084   0x08002084   0x00000038   Code   RO         5038    i.PWM_Humidifier_AutoControl  pwm_humidifier.o
    0x080020bc   0x080020bc   0x0000000c   Code   RO         5039    i.PWM_Humidifier_GetCurrentDuty  pwm_humidifier.o
    0x080020c8   0x080020c8   0x00000094   Code   RO         5040    i.PWM_Humidifier_Init  pwm_humidifier.o
    0x0800215c   0x0800215c   0x0000000a   Code   RO         5041    i.PWM_Humidifier_Off  pwm_humidifier.o
    0x08002166   0x08002166   0x00000002   PAD
    0x08002168   0x08002168   0x00000020   Code   RO         5042    i.PWM_Humidifier_SetDutyCycle  pwm_humidifier.o
    0x08002188   0x08002188   0x00000040   Code   RO         1714    i.PWR_EnterSTOPMode  stm32f10x_pwr.o
    0x080021c8   0x080021c8   0x0000000c   Code   RO         1718    i.PWR_WakeUpPinCmd  stm32f10x_pwr.o
    0x080021d4   0x080021d4   0x00000060   Code   RO         5241    i.PowerManagement_Task  power_management.o
    0x08002234   0x08002234   0x0000000c   Code   RO         4617    i.PowerMode_GetCurrentMode  power_mode.o
    0x08002240   0x08002240   0x00000014   Code   RO         4618    i.PowerMode_Init    power_mode.o
    0x08002254   0x08002254   0x00000034   Code   RO         4619    i.PowerMode_SetMode  power_mode.o
    0x08002288   0x08002288   0x00000180   Code   RO         5206    i.Process_SerialCommand  comm_task.o
    0x08002408   0x08002408   0x00000018   Code   RO         1773    i.RCC_ADCCLKConfig  stm32f10x_rcc.o
    0x08002420   0x08002420   0x00000020   Code   RO         1775    i.RCC_APB1PeriphClockCmd  stm32f10x_rcc.o
    0x08002440   0x08002440   0x00000020   Code   RO         1777    i.RCC_APB2PeriphClockCmd  stm32f10x_rcc.o
    0x08002460   0x08002460   0x000000d4   Code   RO         1785    i.RCC_GetClocksFreq  stm32f10x_rcc.o
    0x08002534   0x08002534   0x00000050   Code   RO         5156    i.Sensor_Task       sensor_task.o
    0x08002584   0x08002584   0x000000b4   Code   RO         4552    i.Serial_Init       serial.o
    0x08002638   0x08002638   0x00000020   Code   RO         4556    i.Serial_SendByte   serial.o
    0x08002658   0x08002658   0x00000008   Code   RO           24    i.SetSysClock       system_stm32f10x.o
    0x08002660   0x08002660   0x000000e0   Code   RO           25    i.SetSysClockTo72   system_stm32f10x.o
    0x08002740   0x08002740   0x0000001c   Code   RO         5242    i.Should_EnterLowPower  power_management.o
    0x0800275c   0x0800275c   0x000000fc   Code   RO         5207    i.Show_HelpInfo     comm_task.o
    0x08002858   0x08002858   0x00000060   Code   RO           27    i.SystemInit        system_stm32f10x.o
    0x080028b8   0x080028b8   0x00000018   Code   RO         2409    i.TIM_ARRPreloadConfig  stm32f10x_tim.o
    0x080028d0   0x080028d0   0x00000018   Code   RO         2421    i.TIM_Cmd           stm32f10x_tim.o
    0x080028e8   0x080028e8   0x000000a4   Code   RO         2455    i.TIM_OC2Init       stm32f10x_tim.o
    0x0800298c   0x0800298c   0x0000001a   Code   RO         2458    i.TIM_OC2PreloadConfig  stm32f10x_tim.o
    0x080029a6   0x080029a6   0x00000002   PAD
    0x080029a8   0x080029a8   0x000000a0   Code   RO         2460    i.TIM_OC3Init       stm32f10x_tim.o
    0x08002a48   0x08002a48   0x00000012   Code   RO         2463    i.TIM_OC3PreloadConfig  stm32f10x_tim.o
    0x08002a5a   0x08002a5a   0x00000002   PAD
    0x08002a5c   0x08002a5c   0x0000007c   Code   RO         2465    i.TIM_OC4Init       stm32f10x_tim.o
    0x08002ad8   0x08002ad8   0x0000001a   Code   RO         2467    i.TIM_OC4PreloadConfig  stm32f10x_tim.o
    0x08002af2   0x08002af2   0x00000004   Code   RO         2483    i.TIM_SetCompare2   stm32f10x_tim.o
    0x08002af6   0x08002af6   0x00000004   Code   RO         2484    i.TIM_SetCompare3   stm32f10x_tim.o
    0x08002afa   0x08002afa   0x00000006   Code   RO         2485    i.TIM_SetCompare4   stm32f10x_tim.o
    0x08002b00   0x08002b00   0x000000a4   Code   RO         2492    i.TIM_TimeBaseInit  stm32f10x_tim.o
    0x08002ba4   0x08002ba4   0x00000118   Code   RO         5114    i.TaskManager_CreateTasks  task_manager.o
    0x08002cbc   0x08002cbc   0x0000000c   Code   RO         5115    i.TaskManager_GetControlQueue  task_manager.o
    0x08002cc8   0x08002cc8   0x0000000c   Code   RO         5116    i.TaskManager_GetSensorQueue  task_manager.o
    0x08002cd4   0x08002cd4   0x00000008   Code   RO         5117    i.TaskManager_GetSystemStatus  task_manager.o
    0x08002cdc   0x08002cdc   0x00000060   Code   RO         5118    i.TaskManager_Init  task_manager.o
    0x08002d3c   0x08002d3c   0x00000018   Code   RO         2960    i.USART_Cmd         stm32f10x_usart.o
    0x08002d54   0x08002d54   0x0000001a   Code   RO         2963    i.USART_GetFlagStatus  stm32f10x_usart.o
    0x08002d6e   0x08002d6e   0x0000004a   Code   RO         2966    i.USART_ITConfig    stm32f10x_usart.o
    0x08002db8   0x08002db8   0x000000d8   Code   RO         2967    i.USART_Init        stm32f10x_usart.o
    0x08002e90   0x08002e90   0x00000008   Code   RO         2977    i.USART_SendData    stm32f10x_usart.o
    0x08002e98   0x08002e98   0x00000004   Code   RO         3316    i.UsageFault_Handler  stm32f10x_it.o
    0x08002e9c   0x08002e9c   0x00000020   Code   RO         5546    i.__0printf         mc_w.l(printfa.o)
    0x08002ebc   0x08002ebc   0x00000028   Code   RO         5548    i.__0sprintf        mc_w.l(printfa.o)
    0x08002ee4   0x08002ee4   0x00000028   Code   RO         5616    i.__ARM_fpclassify  m_ws.l(fpclassify.o)
    0x08002f0c   0x08002f0c   0x00000008   Code   RO         5654    i.__aeabi_errno_addr  mc_w.l(errno.o)
    0x08002f14   0x08002f14   0x000000aa   Code   RO         5618    i.__kernel_poly     m_ws.l(poly.o)
    0x08002fbe   0x08002fbe   0x00000002   PAD
    0x08002fc0   0x08002fc0   0x00000010   Code   RO         5602    i.__mathlib_dbl_divzero  m_ws.l(dunder.o)
    0x08002fd0   0x08002fd0   0x00000004   Code   RO         5604    i.__mathlib_dbl_infnan2  m_ws.l(dunder.o)
    0x08002fd4   0x08002fd4   0x0000000c   Code   RO         5605    i.__mathlib_dbl_invalid  m_ws.l(dunder.o)
    0x08002fe0   0x08002fe0   0x0000000e   Code   RO         5606    i.__mathlib_dbl_overflow  m_ws.l(dunder.o)
    0x08002fee   0x08002fee   0x00000002   PAD
    0x08002ff0   0x08002ff0   0x00000010   Code   RO         5608    i.__mathlib_dbl_underflow  m_ws.l(dunder.o)
    0x08003000   0x08003000   0x0000000e   Code   RO         5716    i.__scatterload_copy  mc_w.l(handlers.o)
    0x0800300e   0x0800300e   0x00000002   Code   RO         5717    i.__scatterload_null  mc_w.l(handlers.o)
    0x08003010   0x08003010   0x0000000e   Code   RO         5718    i.__scatterload_zeroinit  mc_w.l(handlers.o)
    0x0800301e   0x0800301e   0x00000002   PAD
    0x08003020   0x08003020   0x0000000c   Code   RO         5656    i.__set_errno       mc_w.l(errno.o)
    0x0800302c   0x0800302c   0x00000184   Code   RO         5553    i._fp_digits        mc_w.l(printfa.o)
    0x080031b0   0x080031b0   0x000006dc   Code   RO         5554    i._printf_core      mc_w.l(printfa.o)
    0x0800388c   0x0800388c   0x00000024   Code   RO         5555    i._printf_post_padding  mc_w.l(printfa.o)
    0x080038b0   0x080038b0   0x0000002e   Code   RO         5556    i._printf_pre_padding  mc_w.l(printfa.o)
    0x080038de   0x080038de   0x0000000a   Code   RO         5558    i._sputc            mc_w.l(printfa.o)
    0x080038e8   0x080038e8   0x00000048   Code   RO         3824    i.eTaskConfirmSleepModeStatus  tasks.o
    0x08003930   0x08003930   0x00000010   Code   RO         4559    i.fputc             serial.o
    0x08003940   0x08003940   0x0000008c   Code   RO         3197    i.main              main.o
    0x080039cc   0x080039cc   0x000009d8   Code   RO         5287    i.pow               m_ws.l(pow.o)
    0x080043a4   0x080043a4   0x000000a4   Code   RO         3826    i.prvAddCurrentTaskToDelayedList  tasks.o
    0x08004448   0x08004448   0x000000e4   Code   RO         3827    i.prvAddNewTaskToReadyList  tasks.o
    0x0800452c   0x0800452c   0x0000004c   Code   RO         4204    i.prvCheckForValidListAndQueue  timers.o
    0x08004578   0x08004578   0x00000048   Code   RO         3828    i.prvCheckTasksWaitingTermination  tasks.o
    0x080045c0   0x080045c0   0x0000002a   Code   RO         3637    i.prvCopyDataFromQueue  queue.o
    0x080045ea   0x080045ea   0x0000007e   Code   RO         3638    i.prvCopyDataToQueue  queue.o
    0x08004668   0x08004668   0x00000012   Code   RO         3829    i.prvDeleteTCB      tasks.o
    0x0800467a   0x0800467a   0x00000002   PAD
    0x0800467c   0x0800467c   0x00000048   Code   RO         3830    i.prvGetExpectedIdleTime  tasks.o
    0x080046c4   0x080046c4   0x00000028   Code   RO         4205    i.prvGetNextExpireTime  timers.o
    0x080046ec   0x080046ec   0x00000070   Code   RO         3356    i.prvHeapInit       heap_4.o
    0x0800475c   0x0800475c   0x00000050   Code   RO         3831    i.prvIdleTask       tasks.o
    0x080047ac   0x080047ac   0x00000026   Code   RO         3641    i.prvInitialiseNewQueue  queue.o
    0x080047d2   0x080047d2   0x00000086   Code   RO         3832    i.prvInitialiseNewTask  tasks.o
    0x08004858   0x08004858   0x00000068   Code   RO         3833    i.prvInitialiseTaskLists  tasks.o
    0x080048c0   0x080048c0   0x00000068   Code   RO         3357    i.prvInsertBlockIntoFreeList  heap_4.o
    0x08004928   0x08004928   0x00000058   Code   RO         4207    i.prvInsertTimerInActiveList  timers.o
    0x08004980   0x08004980   0x0000001a   Code   RO         3642    i.prvIsQueueEmpty   queue.o
    0x0800499a   0x0800499a   0x0000001e   Code   RO         3643    i.prvIsQueueFull    queue.o
    0x080049b8   0x080049b8   0x00000044   Code   RO         4208    i.prvProcessExpiredTimer  timers.o
    0x080049fc   0x080049fc   0x000000f8   Code   RO         4209    i.prvProcessReceivedCommands  timers.o
    0x08004af4   0x08004af4   0x00000074   Code   RO         4210    i.prvProcessTimerOrBlockTask  timers.o
    0x08004b68   0x08004b68   0x00000028   Code   RO         4211    i.prvReloadTimer    timers.o
    0x08004b90   0x08004b90   0x00000030   Code   RO         3834    i.prvResetNextTaskUnblockTime  tasks.o
    0x08004bc0   0x08004bc0   0x0000002c   Code   RO         4212    i.prvSampleTimeNow  timers.o
    0x08004bec   0x08004bec   0x00000044   Code   RO         4213    i.prvSwitchTimerLists  timers.o
    0x08004c30   0x08004c30   0x00000016   Code   RO         3433    i.prvTaskExitError  port.o
    0x08004c46   0x08004c46   0x0000001a   Code   RO         4214    i.prvTimerTask      timers.o
    0x08004c60   0x08004c60   0x0000007e   Code   RO         3644    i.prvUnlockQueue    queue.o
    0x08004cde   0x08004cde   0x00000002   PAD
    0x08004ce0   0x08004ce0   0x000000f0   Code   RO         3359    i.pvPortMalloc      heap_4.o
    0x08004dd0   0x08004dd0   0x00000024   Code   RO         3434    i.pxPortInitialiseStack  port.o
    0x08004df4   0x08004df4   0x0000004c   Code   RO         5622    i.sqrt              m_ws.l(sqrt.o)
    0x08004e40   0x08004e40   0x00000028   Code   RO         3601    i.uxListRemove      list.o
    0x08004e68   0x08004e68   0x00000002   Code   RO         3198    i.vApplicationIdleHook  main.o
    0x08004e6a   0x08004e6a   0x00000002   PAD
    0x08004e6c   0x08004e6c   0x00000020   Code   RO         3199    i.vApplicationMallocFailedHook  main.o
    0x08004e8c   0x08004e8c   0x00000028   Code   RO         3200    i.vApplicationStackOverflowHook  main.o
    0x08004eb4   0x08004eb4   0x0000001a   Code   RO         3602    i.vListInitialise   list.o
    0x08004ece   0x08004ece   0x00000006   Code   RO         3603    i.vListInitialiseItem  list.o
    0x08004ed4   0x08004ed4   0x00000034   Code   RO         3604    i.vListInsert       list.o
    0x08004f08   0x08004f08   0x00000024   Code   RO         3436    i.vPortEnterCritical  port.o
    0x08004f2c   0x08004f2c   0x00000020   Code   RO         3437    i.vPortExitCritical  port.o
    0x08004f4c   0x08004f4c   0x0000004c   Code   RO         3360    i.vPortFree         heap_4.o
    0x08004f98   0x08004f98   0x00000044   Code   RO         3438    i.vPortSetupTimerInterrupt  port.o
    0x08004fdc   0x08004fdc   0x00000144   Code   RO         3439    i.vPortSuppressTicksAndSleep  port.o
    0x08005120   0x08005120   0x0000004a   Code   RO         3649    i.vQueueWaitForMessageRestricted  queue.o
    0x0800516a   0x0800516a   0x00000002   PAD
    0x0800516c   0x0800516c   0x00000034   Code   RO         3846    i.vTaskDelay        tasks.o
    0x080051a0   0x080051a0   0x00000018   Code   RO         3850    i.vTaskInternalSetTimeOutState  tasks.o
    0x080051b8   0x080051b8   0x0000000c   Code   RO         3851    i.vTaskMissedYield  tasks.o
    0x080051c4   0x080051c4   0x00000020   Code   RO         3852    i.vTaskPlaceOnEventList  tasks.o
    0x080051e4   0x080051e4   0x0000004c   Code   RO         3853    i.vTaskPlaceOnEventListRestricted  tasks.o
    0x08005230   0x08005230   0x00000078   Code   RO         3860    i.vTaskStartScheduler  tasks.o
    0x080052a8   0x080052a8   0x00000040   Code   RO         3861    i.vTaskStepTick     tasks.o
    0x080052e8   0x080052e8   0x00000010   Code   RO         3863    i.vTaskSuspendAll   tasks.o
    0x080052f8   0x080052f8   0x000000b0   Code   RO         3864    i.vTaskSwitchContext  tasks.o
    0x080053a8   0x080053a8   0x00000034   Code   RO         3440    i.xPortStartScheduler  port.o
    0x080053dc   0x080053dc   0x0000004c   Code   RO         3652    i.xQueueGenericCreate  queue.o
    0x08005428   0x08005428   0x000000a0   Code   RO         3653    i.xQueueGenericReset  queue.o
    0x080054c8   0x080054c8   0x00000118   Code   RO         3654    i.xQueueGenericSend  queue.o
    0x080055e0   0x080055e0   0x0000010c   Code   RO         3662    i.xQueuePeek        queue.o
    0x080056ec   0x080056ec   0x00000104   Code   RO         3664    i.xQueueReceive     queue.o
    0x080057f0   0x080057f0   0x00000060   Code   RO         3866    i.xTaskCheckForTimeOut  tasks.o
    0x08005850   0x08005850   0x00000068   Code   RO         3867    i.xTaskCreate       tasks.o
    0x080058b8   0x080058b8   0x00000074   Code   RO         3868    i.xTaskDelayUntil   tasks.o
    0x0800592c   0x0800592c   0x0000000c   Code   RO         3877    i.xTaskGetTickCount  tasks.o
    0x08005938   0x08005938   0x00000190   Code   RO         3879    i.xTaskIncrementTick  tasks.o
    0x08005ac8   0x08005ac8   0x00000094   Code   RO         3880    i.xTaskPriorityDisinherit  tasks.o
    0x08005b5c   0x08005b5c   0x0000010c   Code   RO         3882    i.xTaskRemoveFromEventList  tasks.o
    0x08005c68   0x08005c68   0x00000158   Code   RO         3883    i.xTaskResumeAll    tasks.o
    0x08005dc0   0x08005dc0   0x00000040   Code   RO         4220    i.xTimerCreateTimerTask  timers.o
    0x08005e00   0x08005e00   0x000005f0   Data   RO         4450    .constdata          oled.o
    0x080063f0   0x080063f0   0x00000088   Data   RO         5288    .constdata          m_ws.l(pow.o)
    0x08006478   0x08006478   0x00000008   Data   RO         5620    .constdata          m_ws.l(qnan.o)
    0x08006480   0x08006480   0x00000081   Data   RO         5679    .constdata          mc_w.l(ctype_o.o)
    0x08006501   0x08006501   0x00000003   PAD
    0x08006504   0x08006504   0x00000004   Data   RO         5680    .constdata          mc_w.l(ctype_o.o)
    0x08006508   0x08006508   0x00000020   Data   RO         5714    Region$$Table       anon$$obj.o


    Execution Region RW_IRAM1 (Exec base: 0x20000000, Load base: 0x08006528, Size: 0x00002e48, Max: 0x00005000, ABSOLUTE)

    Exec Addr    Load Addr    Size         Type   Attr      Idx    E Section Name        Object

    0x20000000   0x08006528   0x00000014   Data   RW           28    .data               system_stm32f10x.o
    0x20000014   0x0800653c   0x00000014   Data   RW         1805    .data               stm32f10x_rcc.o
    0x20000028   0x08006550   0x0000001c   Data   RW         3366    .data               heap_4.o
    0x20000044   0x0800656c   0x00000010   Data   RW         3442    .data               port.o
    0x20000054   0x0800657c   0x00000040   Data   RW         3886    .data               tasks.o
    0x20000094   0x080065bc   0x00000014   Data   RW         4228    .data               timers.o
    0x200000a8   0x080065d0   0x00000001   Data   RW         4383    .data               delay.o
    0x200000a9   0x080065d1   0x00000001   Data   RW         4561    .data               serial.o
    0x200000aa   0x080065d2   0x00000001   Data   RW         4620    .data               power_mode.o
    0x200000ab   0x080065d3   0x00000002   Data   RW         4956    .data               buzzer.o
    0x200000ad   0x080065d5   0x00000001   Data   RW         5002    .data               pwm_motor.o
    0x200000ae   0x080065d6   0x00000001   Data   RW         5043    .data               pwm_humidifier.o
    0x200000af   0x080065d7   0x00000001   Data   RW         5083    .data               pwm_led.o
    0x200000b0   0x080065d8   0x00000008   Data   RW         5120    .data               task_manager.o
    0x200000b8   0x080065e0   0x00000010   Data   RW         5243    .data               power_management.o
    0x200000c8   0x080065f0   0x00000004   Data   RW         5306    .data               mc_w.l(strtok.o)
    0x200000cc   0x080065f4   0x00000004   Data   RW         5643    .data               mc_w.l(stdout.o)
    0x200000d0   0x080065f8   0x00000004   Data   RW         5657    .data               mc_w.l(errno.o)
    0x200000d4        -       0x00002800   Zero   RW         3365    .bss                heap_4.o
    0x200028d4        -       0x000000dc   Zero   RW         3885    .bss                tasks.o
    0x200029b0        -       0x00000028   Zero   RW         4227    .bss                timers.o
    0x200029d8        -       0x00000064   Zero   RW         4560    .bss                serial.o
    0x20002a3c        -       0x0000000c   Zero   RW         5119    .bss                task_manager.o
    0x20002a48        -       0x00000400   Zero   RW            1    STACK               startup_stm32f10x_md.o


==============================================================================

Image component sizes


      Code (inc. data)   RO Data    RW Data    ZI Data      Debug   Object Name

       196         14          0          0          0       1088   ad.o
       396         16          0          0          0       1466   aht20.o
       100          6          0          0          0        616   bh1750.o
       156         40          0          2          0       2694   buzzer.o
       852        458          0          0          0       1708   comm_task.o
       140          0          0          0          0       2131   control_task.o
         0          0          0          0          0       4500   core_cm3.o
        92         16          0          1          0       2047   delay.o
       360         88          0          0          0        667   display_task.o
         0          0          0          0          0      11728   event_groups.o
       532         60          0         28      10240       7147   heap_4.o
        44          4          0          0          0        491   key.o
       124          0          0          0          0       2717   list.o
       262        126          0          0          0      19985   main.o
       132         22          0          0          0     213959   misc.o
       216         36          0          0          0       2076   mq135.o
       334         16          0          0          0       5172   myi2c1.o
       334         16          0          0          0       5180   myi2c2.o
       742         20       1520          0          0       7757   oled.o
       720         74          0         16          0       9327   port.o
       374        128          0         16          0       5323   power_management.o
        84         10          0          1          0       2228   power_mode.o
       258         26          0          1          0       3090   pwm_humidifier.o
       288         32          0          1          0       2496   pwm_led.o
       278         28          0          1          0       2952   pwm_motor.o
      1506         18          0          0          0      14061   queue.o
        80          0          0          0          0       1034   sensor_task.o
       228         14          0          1        100       4236   serial.o
        36          8        236          0       1024        840   startup_stm32f10x_md.o
       394         10          0          0          0      18721   stm32f10x_adc.o
       314          0          0          0          0      12564   stm32f10x_gpio.o
        20          0          0          0          0       2705   stm32f10x_it.o
        76         16          0          0          0       1143   stm32f10x_pwr.o
       300         38          0         20          0      13713   stm32f10x_rcc.o
       744         72          0          0          0      28117   stm32f10x_tim.o
       348          6          0          0          0      10873   stm32f10x_usart.o
       328         28          0         20          0      45797   system_stm32f10x.o
       408        172          0          8         12       3358   task_manager.o
      3052        402          0         64        220      34147   tasks.o
       878        102          0         20         40      10932   timers.o

    ----------------------------------------------------------------------
     15760       2122       1788        200      11636     520786   Object Totals
         0          0         32          0          0          0   (incl. Generated)
        34          0          0          0          0          0   (incl. Padding)

    ----------------------------------------------------------------------

      Code (inc. data)   RO Data    RW Data    ZI Data      Debug   Library Member Name

        62         10          0          0          0        340   dunder.o
        40          0          0          0          0         68   fpclassify.o
       170          0          0          0          0         96   poly.o
      2520        190        136          0          0        324   pow.o
         0          0          8          0          0          0   qnan.o
        76          0          0          0          0         84   sqrt.o
        28          0          0          0          0         68   _chval.o
       158          0          0          0          0         92   _strtoul.o
        26          0          0          0          0         80   atoi.o
         8          4        133          0          0         68   ctype_o.o
         0          0          0          0          0          0   entry.o
         0          0          0          0          0          0   entry10a.o
         0          0          0          0          0          0   entry11a.o
         8          4          0          0          0          0   entry2.o
         4          0          0          0          0          0   entry5.o
         0          0          0          0          0          0   entry7b.o
         0          0          0          0          0          0   entry8b.o
         8          4          0          0          0          0   entry9a.o
        20         10          0          4          0        136   errno.o
        30          0          0          0          0          0   handlers.o
        36          8          0          0          0         68   init.o
         0          0          0          0          0          0   iusefp.o
        30          0          0          0          0         68   llshl.o
        36          0          0          0          0         68   llsshr.o
        32          0          0          0          0         68   llushr.o
        36          0          0          0          0         68   memcpya.o
        36          0          0          0          0        108   memseta.o
      2308         96          0          0          0        604   printfa.o
         0          0          0          4          0          0   stdout.o
        28          0          0          0          0         76   strcmp.o
        68          6          0          4          0         80   strtok.o
       112          0          0          0          0         88   strtol.o
        44          0          0          0          0         80   uidiv.o
        98          0          0          0          0         92   uldiv.o
        48          0          0          0          0         68   cdrcmple.o
        20          0          0          0          0         68   cfcmple.o
        20          0          0          0          0         68   cfrcmple.o
        56          0          0          0          0         88   d2f.o
       334          0          0          0          0        148   dadd.o
       222          0          0          0          0        100   ddiv.o
       186          0          0          0          0        176   depilogue.o
        50          0          0          0          0         76   dfixui.o
        48          0          0          0          0         68   dfixul.o
        34          0          0          0          0         76   dflti.o
        26          0          0          0          0         76   dfltui.o
       228          0          0          0          0         96   dmul.o
        46          0          0          0          0         80   dscalb.o
       162          0          0          0          0        100   dsqrt.o
        38          0          0          0          0         68   f2d.o
       176          0          0          0          0        140   fadd.o
       124          0          0          0          0         88   fdiv.o
       110          0          0          0          0        168   fepilogue.o
        10          0          0          0          0         68   ffltui.o
       100          0          0          0          0         76   fmul.o

    ----------------------------------------------------------------------
      8068        332        280         12          0       4720   Library Totals
         8          0          3          0          0          0   (incl. Padding)

    ----------------------------------------------------------------------

      Code (inc. data)   RO Data    RW Data    ZI Data      Debug   Library Name

      2868        200        144          0          0        912   m_ws.l
      3154        132        133         12          0       1912   mc_w.l
      2038          0          0          0          0       1896   mf_w.l

    ----------------------------------------------------------------------
      8068        332        280         12          0       4720   Library Totals

    ----------------------------------------------------------------------

==============================================================================


      Code (inc. data)   RO Data    RW Data    ZI Data      Debug   

     23828       2454       2068        212      11636     512346   Grand Totals
     23828       2454       2068        212      11636     512346   ELF Image Totals
     23828       2454       2068        212          0          0   ROM Totals

==============================================================================

    Total RO  Size (Code + RO Data)                25896 (  25.29kB)
    Total RW  Size (RW Data + ZI Data)             11848 (  11.57kB)
    Total ROM Size (Code + RO Data + RW Data)      26108 (  25.50kB)

==============================================================================

